2026-09-04 12:48:44 :: Starting NixOS rebuild...
2026-09-04 12:49:48 :: NixOS rebuild failed! Skipping copy and upload.
2026-09-04 12:51:12 :: Starting NixOS rebuild...
2026-09-04 12:52:02 :: Rebuild successful! Syncing changed files to /home/shadrack/.sysbackup...
2026-09-04 12:52:02 ✗ Failed to sync: /etc/nixos/configuration.nix
2026-09-04 12:52:02 ✗ Failed to sync: /etc/nixos/hardware-configuration.nix
2026-09-04 12:52:02 ⚠ Source does not exist: /etc/nixos/flake.nix (skipping)
2026-09-04 12:52:02 ⚠ Source does not exist: /etc/nixos/flake.lock (skipping)
2026-09-04 12:52:02 ✗ Failed to sync: ~/.config/mpv/
2026-09-04 12:52:02 ✗ Failed to sync: ~/.config/hypr/
2026-09-04 12:52:02 ✗ Failed to sync: ~/.config/fish/
2026-09-04 12:52:02 :: File sync failed! Skipping Git operations.
2026-09-04 12:53:05 :: Starting NixOS rebuild...
2026-09-04 12:53:39 :: Rebuild successful! Syncing changed files to /home/shadrack/.sysbackup...
2026-09-04 12:53:39 ✓ Synced: /etc/nixos/configuration.nix
2026-09-04 12:53:39 ✓ Synced: /etc/nixos/hardware-configuration.nix
2026-09-04 12:53:39 ✓ Synced: ~/.config/mpv/
2026-09-04 12:53:39 ✓ Synced: ~/.config/hypr/
2026-09-04 12:53:39 ✓ Synced: ~/.config/fish/
2026-09-04 12:53:39 :: All file copies successful! Checking for Git updates...
2026-09-04 12:53:40 :: Git commit successful. Pushing to remote...
2026-09-04 12:53:46 :: Backup successfully pushed to remote repository.
2026-09-04 12:53:46 :: Backup process completed successfully!
2026-09-04 12:54:53 :: Starting NixOS rebuild...
2026-09-04 12:55:15 :: Rebuild successful! Syncing changed files to /home/shadrack/.sysbackup...
2026-09-04 12:55:15 ✓ Synced: /etc/nixos/configuration.nix
2026-09-04 12:55:16 ✓ Synced: /etc/nixos/hardware-configuration.nix
2026-09-04 12:55:16 ✓ Synced: ~/.config/mpv/
2026-09-04 12:55:16 ✓ Synced: ~/.config/hypr/
2026-09-04 12:55:16 ✓ Synced: ~/.config/fish/
2026-09-04 12:55:16 :: All file copies successful! Checking for Git updates...
2026-09-04 12:55:16 :: Git commit successful. Pushing to remote...
2026-09-04 12:55:20 :: Backup successfully pushed to remote repository.
2026-09-04 12:55:20 :: Backup process completed successfully!
2026-09-04 13:04:21 :: Starting NixOS rebuild...
2026-09-04 13:04:44 :: Rebuild successful! Syncing changed files to /home/shadrack/.sysbackup...
2026-09-04 13:04:44 ✓ Synced: /etc/nixos/configuration.nix
2026-09-04 13:04:44 ✓ Synced: /etc/nixos/hardware-configuration.nix
2026-09-04 13:04:45 ✓ Synced: ~/.config/mpv/
2026-09-04 13:04:45 ✓ Synced: ~/.config/hypr/
2026-09-04 13:04:45 ✓ Synced: ~/.config/fish/
2026-09-04 13:04:45 :: All file copies successful! Checking for Git updates...
2026-09-04 13:04:45 :: Git commit successful. Pushing to remote...
2026-09-04 13:04:49 :: Backup successfully pushed to remote repository.
2026-09-04 13:04:49 :: Backup process completed successfully!
2026-09-04 13:08:39 :: Starting NixOS rebuild...
2026-09-04 13:09:10 :: Rebuild successful! Syncing changed files to /home/shadrack/.sysbackup...
2026-09-04 13:09:10 ✓ Synced: /etc/nixos/configuration.nix
2026-09-04 13:09:10 ✓ Synced: /etc/nixos/hardware-configuration.nix
2026-09-04 13:09:10 ✓ Synced: ~/.config/mpv/
2026-09-04 13:09:10 ✓ Synced: ~/.config/hypr/
2026-09-04 13:09:11 ✓ Synced: ~/.config/fish/
2026-09-04 13:09:11 :: All file copies successful! Checking for Git updates...
2026-09-04 13:09:11 :: Git commit successful. Pushing to remote...
2026-09-04 13:09:14 :: Backup successfully pushed to remote repository.
2026-09-04 13:09:14 :: Backup process completed successfully!
2026-09-04 13:22:34 :: Starting NixOS rebuild...
2026-09-04 13:24:43 :: Rebuild successful! Syncing changed files to /home/shadrack/.sysbackup...
2026-09-04 13:24:43 ✓ Synced: /etc/nixos/configuration.nix
2026-09-04 13:24:43 ✓ Synced: /etc/nixos/hardware-configuration.nix
2026-09-04 13:24:43 ✓ Synced: ~/.config/mpv/
2026-09-04 13:24:43 ✓ Synced: ~/.config/hypr/
2026-09-04 13:24:43 ✓ Synced: ~/.config/fish/
2026-09-04 13:24:43 :: All file copies successful! Checking for Git updates...
2026-09-04 13:24:43 :: Git commit successful. Pushing to remote...
2026-09-04 13:24:47 :: Backup successfully pushed to remote repository.
2026-09-04 13:24:47 :: Backup process completed successfully!
2026-09-04 13:41:20 :: Starting NixOS rebuild...
2026-09-04 13:42:34 :: Rebuild successful! Syncing changed files to /home/shadrack/.sysbackup...
2026-09-04 13:42:34 ✓ Synced: /etc/nixos/configuration.nix
2026-09-04 13:42:34 ✓ Synced: /etc/nixos/hardware-configuration.nix
2026-09-04 13:42:34 ✓ Synced: ~/.config/mpv/
2026-09-04 13:42:34 ✓ Synced: ~/.config/hypr/
2026-09-04 13:42:34 ✓ Synced: ~/.config/fish/
2026-09-04 13:42:34 :: All file copies successful! Checking for Git updates...
2026-09-04 13:42:34 :: Git commit successful. Pushing to remote...
2026-09-04 13:42:44 :: Backup successfully pushed to remote repository.
2026-09-04 13:42:44 :: Backup process completed successfully!
2026-09-05 12:59:55 :: Starting NixOS rebuild...
2026-09-05 13:00:07 :: NixOS rebuild failed! Skipping copy and upload.
2026-09-05 13:02:16 :: Starting NixOS rebuild...
2026-09-05 13:02:51 :: Rebuild successful! Syncing changed files to /home/shadrack/.sysbackup...
2026-09-05 13:02:52 ✓ Synced: /etc/nixos/configuration.nix
2026-09-05 13:02:52 ✓ Synced: /etc/nixos/hardware-configuration.nix
2026-09-05 13:02:52 ✓ Synced: ~/.config/mpv/
2026-09-05 13:02:52 ✓ Synced: ~/.config/hypr/
2026-09-05 13:02:52 ✓ Synced: ~/.config/fish/
2026-09-05 13:02:52 :: All file copies successful! Checking for Git updates...
2026-09-05 13:02:52 :: Git commit successful. Pushing to remote...
2026-09-05 13:02:56 :: Backup successfully pushed to remote repository.
2026-09-05 13:02:56 :: Backup process completed successfully!
2026-09-05 13:03:57 :: Starting NixOS rebuild...
2026-09-05 13:04:27 :: Rebuild successful! Syncing changed files to /home/shadrack/.sysbackup...
2026-09-05 13:04:27 ✓ Synced: /etc/nixos/configuration.nix
2026-09-05 13:04:27 ✓ Synced: /etc/nixos/hardware-configuration.nix
2026-09-05 13:04:27 ✓ Synced: ~/.config/mpv/
2026-09-05 13:04:27 ✓ Synced: ~/.config/hypr/
2026-09-05 13:04:28 ✓ Synced: ~/.config/fish/
2026-09-05 13:04:28 :: All file copies successful! Checking for Git updates...
2026-09-05 13:04:28 :: Git commit successful. Pushing to remote...
2026-09-05 13:04:31 :: Backup successfully pushed to remote repository.
2026-09-05 13:04:31 :: Backup process completed successfully!
2026-09-05 13:12:00 :: Starting NixOS rebuild...
2026-09-05 13:12:30 :: Rebuild successful! Syncing changed files to /home/shadrack/.sysbackup...
2026-09-05 13:12:30 ✓ Synced: /etc/nixos/configuration.nix
2026-09-05 13:12:30 ✓ Synced: /etc/nixos/hardware-configuration.nix
2026-09-05 13:12:30 ✓ Synced: ~/.config/mpv/
2026-09-05 13:12:30 ✓ Synced: ~/.config/hypr/
2026-09-05 13:12:30 ✓ Synced: ~/.config/fish/
2026-09-05 13:12:30 :: All file copies successful! Checking for Git updates...
2026-09-05 13:12:30 :: Git commit successful. Pushing to remote...
2026-09-05 13:12:34 :: Backup successfully pushed to remote repository.
2026-09-05 13:12:34 :: Backup process completed successfully!
2026-09-05 13:14:16 :: Starting NixOS rebuild...
2026-09-05 13:14:41 :: Rebuild successful! Syncing changed files to /home/shadrack/.sysbackup...
2026-09-05 13:14:41 ✓ Synced: /etc/nixos/configuration.nix
2026-09-05 13:14:41 ✓ Synced: /etc/nixos/hardware-configuration.nix
2026-09-05 13:14:41 ✓ Synced: ~/.config/mpv/
2026-09-05 13:14:41 ✓ Synced: ~/.config/hypr/
2026-09-05 13:14:41 ✓ Synced: ~/.config/fish/
2026-09-05 13:14:41 :: All file copies successful! Checking for Git updates...
2026-09-05 13:14:41 :: Git commit successful. Pushing to remote...
2026-09-05 13:14:45 :: Backup successfully pushed to remote repository.
2026-09-05 13:14:45 :: Backup process completed successfully!
2026-09-05 13:20:51 :: Starting NixOS rebuild...
2026-09-05 13:21:23 :: Rebuild successful! Syncing changed files to /home/shadrack/.sysbackup...
2026-09-05 13:21:24 ✓ Synced: /etc/nixos/configuration.nix
2026-09-05 13:21:24 ✓ Synced: /etc/nixos/hardware-configuration.nix
2026-09-05 13:21:24 ✓ Synced: ~/.config/mpv/
2026-09-05 13:21:24 ✓ Synced: ~/.config/hypr/
2026-09-05 13:21:24 ✓ Synced: ~/.config/fish/
2026-09-05 13:21:24 :: All file copies successful! Checking for Git updates...
2026-09-05 13:21:24 :: Git commit successful. Pushing to remote...
2026-09-05 13:21:28 :: Backup successfully pushed to remote repository.
2026-09-05 13:21:28 :: Backup process completed successfully!
2026-09-05 13:22:08 :: Starting NixOS rebuild...
2026-09-05 13:22:32 :: Rebuild successful! Syncing changed files to /home/shadrack/.sysbackup...
2026-09-05 13:22:33 ✓ Synced: /etc/nixos/configuration.nix
2026-09-05 13:22:33 ✓ Synced: /etc/nixos/hardware-configuration.nix
2026-09-05 13:22:33 ✓ Synced: ~/.config/mpv/
2026-09-05 13:22:33 ✓ Synced: ~/.config/hypr/
2026-09-05 13:22:33 ✓ Synced: ~/.config/fish/
2026-09-05 13:22:33 :: All file copies successful! Checking for Git updates...
2026-09-05 13:22:33 :: Git commit successful. Pushing to remote...
2026-09-05 13:22:37 :: Backup successfully pushed to remote repository.
2026-09-05 13:22:37 :: Backup process completed successfully!
2026-09-05 13:27:24 :: Starting NixOS rebuild...
2026-09-05 13:27:51 :: Rebuild successful! Syncing changed files to /home/shadrack/.sysbackup...
2026-09-05 13:27:51 ✓ Synced: /etc/nixos/configuration.nix
2026-09-05 13:27:51 ✓ Synced: /etc/nixos/hardware-configuration.nix
2026-09-05 13:27:52 ✓ Synced: ~/.config/mpv/
2026-09-05 13:27:52 ✓ Synced: ~/.config/hypr/
2026-09-05 13:27:52 ✓ Synced: ~/.config/fish/
2026-09-05 13:27:52 :: All file copies successful! Checking for Git updates...
2026-09-05 13:27:52 :: Git commit successful. Pushing to remote...
2026-09-05 13:27:55 :: Backup successfully pushed to remote repository.
2026-09-05 13:27:55 :: Backup process completed successfully!
2026-09-05 16:14:48 :: Starting NixOS rebuild...
2026-09-05 16:15:13 :: Rebuild successful! Syncing changed files to /home/shadrack/.sysbackup...
2026-09-05 16:15:13 ✓ Synced: /etc/nixos/configuration.nix
2026-09-05 16:15:13 ✓ Synced: /etc/nixos/hardware-configuration.nix
2026-09-05 16:15:13 ✓ Synced: ~/.config/mpv/
2026-09-05 16:15:13 ✓ Synced: ~/.config/hypr/
2026-09-05 16:15:13 ✓ Synced: ~/.config/fish/
2026-09-05 16:15:13 :: All file copies successful! Checking for Git updates...
2026-09-05 16:15:13 :: Git commit successful. Pushing to remote...
2026-09-05 16:15:18 :: Backup successfully pushed to remote repository.
2026-09-05 16:15:18 :: Backup process completed successfully!
2026-09-05 16:24:22 :: Starting NixOS rebuild...
2026-09-05 16:25:53 :: NixOS rebuild failed! Skipping copy and upload.
2026-09-05 16:27:09 :: Starting NixOS rebuild...
2026-09-05 16:27:22 :: NixOS rebuild failed! Skipping copy and upload.
2026-09-05 16:28:53 :: Starting NixOS rebuild...
2026-09-05 16:29:16 :: NixOS rebuild failed! Skipping copy and upload.
2026-09-05 16:30:24 :: Starting NixOS rebuild...
2026-09-05 16:30:46 :: NixOS rebuild failed! Skipping copy and upload.
2026-09-05 16:32:54 :: Starting NixOS rebuild...
2026-09-05 16:33:17 :: NixOS rebuild failed! Skipping copy and upload.
2026-09-05 16:35:02 :: Starting NixOS rebuild...
2026-09-05 16:39:17 :: Rebuild successful! Syncing changed files to /home/shadrack/.sysbackup...
2026-09-05 16:39:17 ✓ Synced: /etc/nixos/configuration.nix
2026-09-05 16:39:17 ✓ Synced: /etc/nixos/hardware-configuration.nix
2026-09-05 16:39:17 ✓ Synced: ~/.config/mpv/
2026-09-05 16:39:17 ✓ Synced: ~/.config/hypr/
2026-09-05 16:39:17 ✓ Synced: ~/.config/fish/
2026-09-05 16:39:17 :: All file copies successful! Checking for Git updates...
2026-09-05 16:39:17 :: Git commit successful. Pushing to remote...
2026-09-05 16:39:22 :: Backup successfully pushed to remote repository.
2026-09-05 16:39:22 :: Backup process completed successfully!
2026-09-05 16:43:00 :: Starting NixOS rebuild...
2026-09-05 16:45:11 :: Rebuild successful! Syncing changed files to /home/shadrack/.sysbackup...
2026-09-05 16:45:11 ✓ Synced: /etc/nixos/configuration.nix
2026-09-05 16:45:11 ✓ Synced: /etc/nixos/hardware-configuration.nix
2026-09-05 16:45:11 ✓ Synced: ~/.config/mpv/
2026-09-05 16:45:11 ✓ Synced: ~/.config/hypr/
2026-09-05 16:45:11 ✓ Synced: ~/.config/fish/
2026-09-05 16:45:11 :: All file copies successful! Checking for Git updates...
2026-09-05 16:45:11 :: Git commit successful. Pushing to remote...
2026-09-05 16:45:16 :: Backup successfully pushed to remote repository.
2026-09-05 16:45:16 :: Backup process completed successfully!
2026-09-05 16:46:22 :: Starting NixOS rebuild...
2026-09-05 16:46:52 :: Rebuild successful! Syncing changed files to /home/shadrack/.sysbackup...
2026-09-05 16:46:52 ✓ Synced: /etc/nixos/configuration.nix
2026-09-05 16:46:52 ✓ Synced: /etc/nixos/hardware-configuration.nix
2026-09-05 16:46:52 ✓ Synced: ~/.config/mpv/
2026-09-05 16:46:52 ✓ Synced: ~/.config/hypr/
2026-09-05 16:46:52 ✓ Synced: ~/.config/fish/
2026-09-05 16:46:53 :: All file copies successful! Checking for Git updates...
2026-09-05 16:46:53 :: Git commit successful. Pushing to remote...
2026-09-05 16:46:57 :: Backup successfully pushed to remote repository.
2026-09-05 16:46:57 :: Backup process completed successfully!
2026-09-05 16:48:21 :: Starting NixOS rebuild...
2026-09-05 16:48:51 :: Rebuild successful! Syncing changed files to /home/shadrack/.sysbackup...
2026-09-05 16:48:51 ✓ Synced: /etc/nixos/configuration.nix
2026-09-05 16:48:51 ✓ Synced: /etc/nixos/hardware-configuration.nix
2026-09-05 16:48:51 ✓ Synced: ~/.config/mpv/
2026-09-05 16:48:52 ✓ Synced: ~/.config/hypr/
2026-09-05 16:48:52 ✓ Synced: ~/.config/fish/
2026-09-05 16:48:52 :: All file copies successful! Checking for Git updates...
2026-09-05 16:48:52 :: Git commit successful. Pushing to remote...
2026-09-05 16:48:56 :: Backup successfully pushed to remote repository.
2026-09-05 16:48:56 :: Backup process completed successfully!
2026-09-05 17:09:10 :: Starting NixOS rebuild...
2026-09-05 17:09:49 :: Rebuild successful! Syncing changed files to /home/shadrack/.sysbackup...
2026-09-05 17:09:49 ✓ Synced: /etc/nixos/configuration.nix
2026-09-05 17:09:50 ✓ Synced: /etc/nixos/hardware-configuration.nix
2026-09-05 17:09:50 ✓ Synced: ~/.config/mpv/
2026-09-05 17:09:50 ✓ Synced: ~/.config/hypr/
2026-09-05 17:09:50 ✓ Synced: ~/.config/fish/
2026-09-05 17:09:50 :: All file copies successful! Checking for Git updates...
2026-09-05 17:09:50 :: Git commit successful. Pushing to remote...
2026-09-05 17:09:55 :: Backup successfully pushed to remote repository.
2026-09-05 17:09:55 :: Backup process completed successfully!
2026-09-05 17:21:51 :: Starting NixOS rebuild...
2026-09-05 18:00:52 :: NixOS rebuild failed! Skipping copy and upload.
2026-09-05 18:16:31 :: Starting NixOS rebuild...
2026-09-05 18:22:27 :: NixOS rebuild failed! Skipping copy and upload.
2026-09-05 20:20:30 :: Starting NixOS rebuild...
2026-09-05 21:03:43 :: Rebuild successful! Syncing changed files to /home/shadrack/.sysbackup...
2026-09-05 21:03:43 ✓ Synced: /etc/nixos/configuration.nix
2026-09-05 21:03:43 ✓ Synced: /etc/nixos/hardware-configuration.nix
2026-09-05 21:03:43 ✓ Synced: ~/.config/mpv/
2026-09-05 21:03:44 ✓ Synced: ~/.config/hypr/
2026-09-05 21:03:44 ✓ Synced: ~/.config/fish/
2026-09-05 21:03:44 :: All file copies successful! Checking for Git updates...
2026-09-05 21:03:44 :: Git commit successful. Pushing to remote...
2026-09-05 21:03:48 :: Backup successfully pushed to remote repository.
2026-09-05 21:03:48 :: Backup process completed successfully!
2026-09-05 21:04:14 :: Starting NixOS rebuild...
2026-09-05 21:04:33 :: Rebuild successful! Syncing changed files to /home/shadrack/.sysbackup...
2026-09-05 21:04:33 ✓ Synced: /etc/nixos/configuration.nix
2026-09-05 21:04:33 ✓ Synced: /etc/nixos/hardware-configuration.nix
2026-09-05 21:04:33 ✓ Synced: ~/.config/mpv/
2026-09-05 21:04:34 ✓ Synced: ~/.config/hypr/
2026-09-05 21:04:34 ✓ Synced: ~/.config/fish/
2026-09-05 21:04:34 :: All file copies successful! Checking for Git updates...
2026-09-05 21:04:34 :: Git commit successful. Pushing to remote...
2026-09-05 21:04:37 :: Backup successfully pushed to remote repository.
2026-09-05 21:04:37 :: Backup process completed successfully!
2026-09-06 00:04:51 :: Starting NixOS rebuild...
2026-09-06 00:05:08 :: Rebuild successful! Syncing changed files to /home/shadrack/.sysbackup...
2026-09-06 00:05:08 ✓ Synced: /etc/nixos/configuration.nix
2026-09-06 00:05:08 ✓ Synced: /etc/nixos/hardware-configuration.nix
2026-09-06 00:05:08 ✓ Synced: ~/.config/mpv/
2026-09-06 00:05:08 ✓ Synced: ~/.config/hypr/
2026-09-06 00:05:08 ✓ Synced: ~/.config/fish/
2026-09-06 00:05:08 :: All file copies successful! Checking for Git updates...
2026-09-06 00:05:08 :: Git commit successful. Pushing to remote...
2026-09-06 00:05:12 :: Backup successfully pushed to remote repository.
2026-09-06 00:05:12 :: Backup process completed successfully!
2026-09-06 08:53:55 :: Starting NixOS rebuild...
2026-09-06 08:54:52 :: Rebuild successful! Syncing changed files to /home/shadrack/.sysbackup...
2026-09-06 08:54:52 ✓ Synced: /etc/nixos/configuration.nix
2026-09-06 08:54:52 ✓ Synced: /etc/nixos/hardware-configuration.nix
2026-09-06 08:54:52 ✓ Synced: ~/.config/mpv/
2026-09-06 08:54:52 ✓ Synced: ~/.config/hypr/
2026-09-06 08:54:52 ✓ Synced: ~/.config/fish/
2026-09-06 08:54:52 :: All file copies successful! Checking for Git updates...
2026-09-06 08:54:52 :: Git commit successful. Pushing to remote...
2026-09-06 08:54:56 :: Backup successfully pushed to remote repository.
2026-09-06 08:54:56 :: Backup process completed successfully!
2026-09-06 12:12:04 :: Starting NixOS rebuild...
2026-09-06 12:12:37 :: Starting NixOS rebuild...
2026-09-06 12:13:13 :: Rebuild successful! Syncing changed files to /home/shadrack/.sysbackup...
2026-09-06 12:13:13 ✓ Synced: /etc/nixos/configuration.nix
2026-09-06 12:13:13 ✓ Synced: /etc/nixos/hardware-configuration.nix
2026-09-06 12:13:13 ✓ Synced: ~/.config/mpv/
2026-09-06 12:13:13 ✓ Synced: ~/.config/hypr/
2026-09-06 12:13:13 ✓ Synced: ~/.config/fish/
2026-09-06 12:13:13 :: All file copies successful! Checking for Git updates...
2026-09-06 12:13:13 :: Git commit successful. Pushing to remote...
2026-09-06 12:13:17 :: Backup successfully pushed to remote repository.
2026-09-06 12:13:17 :: Backup process completed successfully!
2026-09-06 12:28:34 :: Starting NixOS rebuild...
2026-09-06 12:29:03 :: Rebuild successful! Syncing changed files to /home/shadrack/.sysbackup...
2026-09-06 12:29:03 ✓ Synced: /etc/nixos/configuration.nix
2026-09-06 12:29:03 ✓ Synced: /etc/nixos/hardware-configuration.nix
2026-09-06 12:29:03 ✓ Synced: ~/.config/mpv/
2026-09-06 12:29:03 ✓ Synced: ~/.config/hypr/
2026-09-06 12:29:03 ✓ Synced: ~/.config/fish/
2026-09-06 12:29:03 :: All file copies successful! Checking for Git updates...
2026-09-06 12:29:03 :: Git commit successful. Pushing to remote...
2026-09-06 12:29:08 :: Backup successfully pushed to remote repository.
2026-09-06 12:29:08 :: Backup process completed successfully!
2026-09-06 12:33:33 :: Starting NixOS rebuild...
2026-09-06 12:33:41 :: NixOS rebuild failed! Skipping copy and upload.
2026-09-06 12:34:26 :: Starting NixOS rebuild...
2026-09-06 12:35:10 :: Rebuild successful! Syncing changed files to /home/shadrack/.sysbackup...
2026-09-06 12:35:10 ✓ Synced: /etc/nixos/configuration.nix
2026-09-06 12:35:10 ✓ Synced: /etc/nixos/hardware-configuration.nix
2026-09-06 12:35:10 ✓ Synced: ~/.config/mpv/
2026-09-06 12:35:10 ✓ Synced: ~/.config/hypr/
2026-09-06 12:35:10 ✓ Synced: ~/.config/fish/
2026-09-06 12:35:10 :: All file copies successful! Checking for Git updates...
2026-09-06 12:35:10 :: Git commit successful. Pushing to remote...
2026-09-06 12:35:14 :: Backup successfully pushed to remote repository.
2026-09-06 12:35:14 :: Backup process completed successfully!
2026-09-06 12:42:57 :: Starting NixOS rebuild...
2026-09-06 12:43:26 :: Rebuild successful! Syncing changed files to /home/shadrack/.sysbackup...
2026-09-06 12:43:26 ✓ Synced: /etc/nixos/configuration.nix
2026-09-06 12:43:26 ✓ Synced: /etc/nixos/hardware-configuration.nix
2026-09-06 12:43:26 ✓ Synced: ~/.config/mpv/
2026-09-06 12:43:26 ✓ Synced: ~/.config/hypr/
2026-09-06 12:43:26 ✓ Synced: ~/.config/fish/
2026-09-06 12:43:26 :: All file copies successful! Checking for Git updates...
2026-09-06 12:43:27 :: Git commit successful. Pushing to remote...
2026-09-06 12:43:31 :: Backup successfully pushed to remote repository.
2026-09-06 12:43:31 :: Backup process completed successfully!
2026-09-06 13:21:43 :: Starting NixOS rebuild...
2026-09-06 13:22:34 :: Rebuild successful! Syncing changed files to /home/shadrack/.sysbackup...
2026-09-06 13:22:34 ✓ Synced: /etc/nixos/configuration.nix
2026-09-06 13:22:34 ✓ Synced: /etc/nixos/hardware-configuration.nix
2026-09-06 13:22:34 ✓ Synced: ~/.config/mpv/
2026-09-06 13:22:34 ✓ Synced: ~/.config/hypr/
2026-09-06 13:22:34 ✓ Synced: ~/.config/fish/
2026-09-06 13:22:34 :: All file copies successful! Checking for Git updates...
2026-09-06 13:22:34 :: Git commit successful. Pushing to remote...
2026-09-06 13:22:38 :: Backup successfully pushed to remote repository.
2026-09-06 13:22:38 :: Backup process completed successfully!
2026-09-06 13:25:23 :: Starting NixOS rebuild...
2026-09-06 13:30:22 :: Rebuild successful! Syncing changed files to /home/shadrack/.sysbackup...
2026-09-06 13:30:23 ✓ Synced: /etc/nixos/configuration.nix
2026-09-06 13:30:23 ✓ Synced: /etc/nixos/hardware-configuration.nix
2026-09-06 13:30:23 ✓ Synced: ~/.config/mpv/
2026-09-06 13:30:23 ✓ Synced: ~/.config/hypr/
2026-09-06 13:30:23 ✓ Synced: ~/.config/fish/
2026-09-06 13:30:23 :: All file copies successful! Checking for Git updates...
2026-09-06 13:30:23 :: Git commit successful. Pushing to remote...
2026-09-06 13:30:27 :: Backup successfully pushed to remote repository.
2026-09-06 13:30:27 :: Backup process completed successfully!
2026-09-06 13:31:42 :: Starting NixOS rebuild...
2026-09-06 13:32:08 :: Rebuild successful! Syncing changed files to /home/shadrack/.sysbackup...
2026-09-06 13:32:08 ✓ Synced: /etc/nixos/configuration.nix
2026-09-06 13:32:08 ✓ Synced: /etc/nixos/hardware-configuration.nix
2026-09-06 13:32:08 ✓ Synced: ~/.config/mpv/
2026-09-06 13:32:08 ✓ Synced: ~/.config/hypr/
2026-09-06 13:32:08 ✓ Synced: ~/.config/fish/
2026-09-06 13:32:08 :: All file copies successful! Checking for Git updates...
2026-09-06 13:32:08 :: Git commit successful. Pushing to remote...
2026-09-06 13:32:12 :: Backup successfully pushed to remote repository.
2026-09-06 13:32:12 :: Backup process completed successfully!
2026-09-07 12:15:44 :: Starting NixOS rebuild...
2026-09-07 12:15:50 :: NixOS rebuild failed! Skipping copy and upload.
2026-09-07 12:16:45 :: Starting NixOS rebuild...
2026-09-07 12:27:19 :: Rebuild successful! Syncing changed files to /home/shadrack/.sysbackup...
2026-09-07 12:27:19 ✓ Synced: /etc/nixos/configuration.nix
2026-09-07 12:27:19 ✓ Synced: /etc/nixos/hardware-configuration.nix
2026-09-07 12:27:19 ✓ Synced: ~/.config/mpv/
2026-09-07 12:27:19 ✓ Synced: ~/.config/hypr/
2026-09-07 12:27:19 ✓ Synced: ~/.config/fish/
2026-09-07 12:27:19 :: All file copies successful! Checking for Git updates...
2026-09-07 12:27:19 :: Git commit successful. Pushing to remote...
2026-09-07 12:27:23 :: Backup successfully pushed to remote repository.
2026-09-07 12:27:23 :: Backup process completed successfully!
2026-09-07 12:41:32 :: Starting NixOS rebuild...
2026-09-07 12:42:07 :: Rebuild successful! Syncing changed files to /home/shadrack/.sysbackup...
2026-09-07 12:42:07 ✓ Synced: /etc/nixos/configuration.nix
2026-09-07 12:42:07 ✓ Synced: /etc/nixos/hardware-configuration.nix
2026-09-07 12:42:07 ✓ Synced: ~/.config/mpv/
2026-09-07 12:42:07 ✓ Synced: ~/.config/hypr/
2026-09-07 12:42:07 ✓ Synced: ~/.config/fish/
2026-09-07 12:42:07 :: All file copies successful! Checking for Git updates...
2026-09-07 12:42:07 :: Git commit successful. Pushing to remote...
2026-09-07 12:42:11 :: Backup successfully pushed to remote repository.
2026-09-07 12:42:11 :: Backup process completed successfully!
2026-09-07 14:42:54 :: Starting NixOS rebuild...
2026-09-07 14:43:34 :: Rebuild successful! Syncing changed files to /home/shadrack/.sysbackup...
2026-09-07 14:43:34 ✓ Synced: /etc/nixos/configuration.nix
2026-09-07 14:43:34 ✓ Synced: /etc/nixos/hardware-configuration.nix
2026-09-07 14:43:34 ✓ Synced: ~/.config/mpv/
2026-09-07 14:43:34 ✓ Synced: ~/.config/hypr/
2026-09-07 14:43:34 ✓ Synced: ~/.config/fish/
2026-09-07 14:43:34 :: All file copies successful! Checking for Git updates...
2026-09-07 14:43:34 :: Git commit successful. Pushing to remote...
2026-09-07 14:43:38 :: Backup successfully pushed to remote repository.
2026-09-07 14:43:38 :: Backup process completed successfully!
2026-09-07 14:49:02 :: Starting NixOS rebuild...
2026-09-07 14:49:37 :: Rebuild successful! Syncing changed files to /home/shadrack/.sysbackup...
2026-09-07 14:49:37 ✓ Synced: /etc/nixos/configuration.nix
2026-09-07 14:49:37 ✓ Synced: /etc/nixos/hardware-configuration.nix
2026-09-07 14:49:37 ✓ Synced: ~/.config/mpv/
2026-09-07 14:49:37 ✓ Synced: ~/.config/hypr/
2026-09-07 14:49:38 ✓ Synced: ~/.config/fish/
2026-09-07 14:49:38 :: All file copies successful! Checking for Git updates...
2026-09-07 14:49:38 :: Git commit successful. Pushing to remote...
2026-09-07 14:49:41 :: Backup successfully pushed to remote repository.
2026-09-07 14:49:42 :: Backup process completed successfully!
2026-09-07 14:50:10 :: Starting NixOS rebuild...
2026-09-07 14:50:44 :: Rebuild successful! Syncing changed files to /home/shadrack/.sysbackup...
2026-09-07 14:50:44 ✓ Synced: /etc/nixos/configuration.nix
2026-09-07 14:50:44 ✓ Synced: /etc/nixos/hardware-configuration.nix
2026-09-07 14:50:44 ✓ Synced: ~/.config/mpv/
2026-09-07 14:50:44 ✓ Synced: ~/.config/hypr/
2026-09-07 14:50:45 ✓ Synced: ~/.config/fish/
2026-09-07 14:50:45 :: All file copies successful! Checking for Git updates...
2026-09-07 14:50:45 :: Git commit successful. Pushing to remote...
2026-09-07 14:50:49 :: Backup successfully pushed to remote repository.
2026-09-07 14:50:49 :: Backup process completed successfully!
2026-09-07 14:56:36 :: Starting NixOS rebuild...
2026-09-07 14:58:44 :: Rebuild successful! Syncing changed files to /home/shadrack/.sysbackup...
2026-09-07 14:58:44 ✓ Synced: /etc/nixos/configuration.nix
2026-09-07 14:58:44 ✓ Synced: /etc/nixos/hardware-configuration.nix
2026-09-07 14:58:44 ✓ Synced: ~/.config/mpv/
2026-09-07 14:58:44 ✓ Synced: ~/.config/hypr/
2026-09-07 14:58:44 ✓ Synced: ~/.config/fish/
2026-09-07 14:58:44 :: All file copies successful! Checking for Git updates...
2026-09-07 14:58:44 :: Git commit successful. Pushing to remote...
2026-09-07 14:58:48 :: Backup successfully pushed to remote repository.
2026-09-07 14:58:48 :: Backup process completed successfully!
2026-09-07 16:21:09 :: Starting NixOS rebuild...
2026-09-07 16:21:24 :: NixOS rebuild failed! Skipping copy and upload.
2026-09-07 16:22:02 :: Starting NixOS rebuild...
2026-09-07 16:22:31 :: Rebuild successful! Syncing changed files to /home/shadrack/.sysbackup...
2026-09-07 16:22:31 ✓ Synced: /etc/nixos/configuration.nix
2026-09-07 16:22:31 ✓ Synced: /etc/nixos/hardware-configuration.nix
2026-09-07 16:22:31 ✓ Synced: ~/.config/mpv/
2026-09-07 16:22:31 ✓ Synced: ~/.config/hypr/
2026-09-07 16:22:31 ✓ Synced: ~/.config/fish/
2026-09-07 16:22:31 :: All file copies successful! Checking for Git updates...
2026-09-07 16:22:31 :: Git commit successful. Pushing to remote...
2026-09-07 16:22:35 :: Backup successfully pushed to remote repository.
2026-09-07 16:22:35 :: Backup process completed successfully!
2026-09-08 10:20:21 :: Starting NixOS rebuild...
2026-09-08 10:23:27 :: Rebuild successful! Syncing changed files to /home/shadrack/.sysbackup...
2026-09-08 10:23:27 ✓ Synced: /etc/nixos/configuration.nix
2026-09-08 10:23:27 ✓ Synced: /etc/nixos/hardware-configuration.nix
2026-09-08 10:23:27 ✓ Synced: ~/.config/mpv/
2026-09-08 10:23:27 ✓ Synced: ~/.config/hypr/
2026-09-08 10:23:27 ✓ Synced: ~/.config/fish/
2026-09-08 10:23:27 :: All file copies successful! Checking for Git updates...
2026-09-08 10:23:27 :: Git commit successful. Pushing to remote...
2026-09-08 10:23:31 :: Backup successfully pushed to remote repository.
2026-09-08 10:23:31 :: Backup process completed successfully!
2026-09-08 14:43:12 :: Starting NixOS rebuild...
2026-09-08 14:44:20 :: Rebuild successful! Syncing changed files to /home/shadrack/.sysbackup...
2026-09-08 14:44:20 ✓ Synced: /etc/nixos/configuration.nix
2026-09-08 14:44:20 ✓ Synced: /etc/nixos/hardware-configuration.nix
2026-09-08 14:44:20 ✓ Synced: ~/.config/mpv/
2026-09-08 14:44:20 ✓ Synced: ~/.config/hypr/
2026-09-08 14:44:20 ✓ Synced: ~/.config/fish/
2026-09-08 14:44:20 :: All file copies successful! Checking for Git updates...
2026-09-08 14:44:20 :: Git commit successful. Pushing to remote...
2026-09-08 14:44:25 :: Backup successfully pushed to remote repository.
2026-09-08 14:44:25 :: Backup process completed successfully!
2026-09-08 14:44:52 :: Starting NixOS rebuild...
2026-09-08 14:45:16 :: Rebuild successful! Syncing changed files to /home/shadrack/.sysbackup...
2026-09-08 14:45:16 ✓ Synced: /etc/nixos/configuration.nix
2026-09-08 14:45:16 ✓ Synced: /etc/nixos/hardware-configuration.nix
2026-09-08 14:45:16 ✓ Synced: ~/.config/mpv/
2026-09-08 14:45:16 ✓ Synced: ~/.config/hypr/
2026-09-08 14:45:16 ✓ Synced: ~/.config/fish/
2026-09-08 14:45:16 :: All file copies successful! Checking for Git updates...
2026-09-08 14:45:16 :: Git commit successful. Pushing to remote...
2026-09-08 14:45:20 :: Backup successfully pushed to remote repository.
2026-09-08 14:45:20 :: Backup process completed successfully!
2026-09-08 14:55:12 :: Starting NixOS rebuild...
2026-09-08 14:55:51 :: Rebuild successful! Syncing changed files to /home/shadrack/.sysbackup...
2026-09-08 14:55:51 ✓ Synced: /etc/nixos/configuration.nix
2026-09-08 14:55:51 ✓ Synced: /etc/nixos/hardware-configuration.nix
2026-09-08 14:55:51 ✓ Synced: ~/.config/mpv/
2026-09-08 14:55:51 ✓ Synced: ~/.config/hypr/
2026-09-08 14:55:51 ✓ Synced: ~/.config/fish/
2026-09-08 14:55:51 :: All file copies successful! Checking for Git updates...
2026-09-08 14:55:51 :: Git commit successful. Pushing to remote...
2026-09-08 14:55:55 :: Backup successfully pushed to remote repository.
2026-09-08 14:55:55 :: Backup process completed successfully!
2026-09-08 15:00:33 :: Starting NixOS rebuild...
2026-09-08 15:01:01 :: Rebuild successful! Syncing changed files to /home/shadrack/.sysbackup...
2026-09-08 15:01:01 ✓ Synced: /etc/nixos/configuration.nix
2026-09-08 15:01:01 ✓ Synced: /etc/nixos/hardware-configuration.nix
2026-09-08 15:01:01 ✓ Synced: ~/.config/mpv/
2026-09-08 15:01:02 ✓ Synced: ~/.config/hypr/
2026-09-08 15:01:02 ✓ Synced: ~/.config/fish/
2026-09-08 15:01:02 :: All file copies successful! Checking for Git updates...
2026-09-08 15:01:02 :: Git commit successful. Pushing to remote...
2026-09-08 15:01:06 :: Backup successfully pushed to remote repository.
2026-09-08 15:01:06 :: Backup process completed successfully!
2026-09-08 15:05:32 :: Starting NixOS rebuild...
2026-09-08 15:06:07 :: Rebuild successful! Syncing changed files to /home/shadrack/.sysbackup...
2026-09-08 15:06:07 ✓ Synced: /etc/nixos/configuration.nix
2026-09-08 15:06:07 ✓ Synced: /etc/nixos/hardware-configuration.nix
2026-09-08 15:06:07 ✓ Synced: ~/.config/mpv/
2026-09-08 15:06:07 ✓ Synced: ~/.config/hypr/
2026-09-08 15:06:08 ✓ Synced: ~/.config/fish/
2026-09-08 15:06:08 :: All file copies successful! Checking for Git updates...
2026-09-08 15:06:08 :: Git commit successful. Pushing to remote...
2026-09-08 15:06:12 :: Backup successfully pushed to remote repository.
2026-09-08 15:06:12 :: Backup process completed successfully!
2026-09-08 15:13:08 :: Starting NixOS rebuild...
2026-09-08 15:13:43 :: Rebuild successful! Syncing changed files to /home/shadrack/.sysbackup...
2026-09-08 15:13:43 ✓ Synced: /etc/nixos/configuration.nix
2026-09-08 15:13:43 ✓ Synced: /etc/nixos/hardware-configuration.nix
2026-09-08 15:13:43 ✓ Synced: ~/.config/mpv/
2026-09-08 15:13:43 ✓ Synced: ~/.config/hypr/
2026-09-08 15:13:44 ✓ Synced: ~/.config/fish/
2026-09-08 15:13:44 :: All file copies successful! Checking for Git updates...
2026-09-08 15:13:44 :: Git commit successful. Pushing to remote...
2026-09-08 15:13:48 :: Backup successfully pushed to remote repository.
2026-09-08 15:13:48 :: Backup process completed successfully!
2026-09-08 15:14:40 :: Starting NixOS rebuild...
2026-09-08 15:15:03 :: Rebuild successful! Syncing changed files to /home/shadrack/.sysbackup...
2026-09-08 15:15:03 ✓ Synced: /etc/nixos/configuration.nix
2026-09-08 15:15:04 ✓ Synced: /etc/nixos/hardware-configuration.nix
2026-09-08 15:15:04 ✓ Synced: ~/.config/mpv/
2026-09-08 15:15:04 ✓ Synced: ~/.config/hypr/
2026-09-08 15:15:04 ✓ Synced: ~/.config/fish/
2026-09-08 15:15:04 :: All file copies successful! Checking for Git updates...
2026-09-08 15:15:04 :: Git commit successful. Pushing to remote...
2026-09-08 15:15:08 :: Backup successfully pushed to remote repository.
2026-09-08 15:15:08 :: Backup process completed successfully!
2026-09-08 15:55:48 :: Starting NixOS rebuild...
2026-09-08 15:56:25 :: Rebuild successful! Syncing changed files to /home/shadrack/.sysbackup...
2026-09-08 15:56:26 ✓ Synced: /etc/nixos/configuration.nix
2026-09-08 15:56:26 ✓ Synced: /etc/nixos/hardware-configuration.nix
2026-09-08 15:56:26 ✓ Synced: ~/.config/mpv/
2026-09-08 15:56:26 ✓ Synced: ~/.config/hypr/
2026-09-08 15:56:26 ✓ Synced: ~/.config/fish/
2026-09-08 15:56:26 :: All file copies successful! Checking for Git updates...
2026-09-08 15:56:26 :: Git commit successful. Pushing to remote...
2026-09-08 15:56:30 :: Backup successfully pushed to remote repository.
2026-09-08 15:56:30 :: Backup process completed successfully!
2026-09-08 16:02:38 :: Starting NixOS rebuild...
2026-09-08 16:03:06 :: Rebuild successful! Syncing changed files to /home/shadrack/.sysbackup...
2026-09-08 16:03:06 ✓ Synced: /etc/nixos/configuration.nix
2026-09-08 16:03:06 ✓ Synced: /etc/nixos/hardware-configuration.nix
2026-09-08 16:03:06 ✓ Synced: ~/.config/mpv/
2026-09-08 16:03:06 ✓ Synced: ~/.config/hypr/
2026-09-08 16:03:06 ✓ Synced: ~/.config/fish/
2026-09-08 16:03:06 :: All file copies successful! Checking for Git updates...
2026-09-08 16:03:06 :: Git commit successful. Pushing to remote...
2026-09-08 16:03:10 :: Backup successfully pushed to remote repository.
2026-09-08 16:03:10 :: Backup process completed successfully!
2026-09-08 16:06:12 :: Starting NixOS rebuild...
2026-09-08 16:06:46 :: Rebuild successful! Syncing changed files to /home/shadrack/.sysbackup...
2026-09-08 16:06:46 ✓ Synced: /etc/nixos/configuration.nix
2026-09-08 16:06:46 ✓ Synced: /etc/nixos/hardware-configuration.nix
2026-09-08 16:06:47 ✓ Synced: ~/.config/mpv/
2026-09-08 16:06:47 ✓ Synced: ~/.config/hypr/
2026-09-08 16:06:47 ✓ Synced: ~/.config/fish/
2026-09-08 16:06:47 :: All file copies successful! Checking for Git updates...
2026-09-08 16:06:47 :: Git commit successful. Pushing to remote...
2026-09-08 16:06:51 :: Backup successfully pushed to remote repository.
2026-09-08 16:06:51 :: Backup process completed successfully!
2026-09-09 15:57:40 :: Starting NixOS rebuild...
2026-09-09 15:57:46 :: NixOS rebuild failed! Skipping copy and upload.
2026-09-09 15:58:14 :: Starting NixOS rebuild...
2026-09-09 15:58:50 :: Rebuild successful! Syncing changed files to /home/shadrack/.sysbackup...
2026-09-09 15:58:50 ✓ Synced: /etc/nixos/configuration.nix
2026-09-09 15:58:50 ✓ Synced: /etc/nixos/hardware-configuration.nix
2026-09-09 15:58:50 ✓ Synced: ~/.config/mpv/
2026-09-09 15:58:50 ✓ Synced: ~/.config/hypr/
2026-09-09 15:58:50 ✓ Synced: ~/.config/fish/
2026-09-09 15:58:50 :: All file copies successful! Checking for Git updates...
2026-09-09 15:58:50 :: Git commit successful. Pushing to remote...
2026-09-09 15:58:54 :: Backup successfully pushed to remote repository.
2026-09-09 15:58:54 :: Backup process completed successfully!
2026-09-09 16:13:07 :: Starting NixOS rebuild...
2026-09-09 16:13:45 :: Rebuild successful! Syncing changed files to /home/shadrack/.sysbackup...
2026-09-09 16:13:45 ✓ Synced: /etc/nixos/configuration.nix
2026-09-09 16:13:45 ✓ Synced: /etc/nixos/hardware-configuration.nix
2026-09-09 16:13:45 ✓ Synced: ~/.config/mpv/
2026-09-09 16:13:45 ✓ Synced: ~/.config/hypr/
2026-09-09 16:13:45 ✓ Synced: ~/.config/fish/
2026-09-09 16:13:45 :: All file copies successful! Checking for Git updates...
2026-09-09 16:13:45 :: Git commit successful. Pushing to remote...
2026-09-09 16:13:49 :: Backup successfully pushed to remote repository.
2026-09-09 16:13:49 :: Backup process completed successfully!
2026-09-09 16:24:57 :: Starting NixOS rebuild...
2026-09-09 16:35:12 :: Rebuild successful! Syncing changed files to /home/shadrack/.sysbackup...
2026-09-09 16:35:12 ✓ Synced: /etc/nixos/configuration.nix
2026-09-09 16:35:12 ✓ Synced: /etc/nixos/hardware-configuration.nix
2026-09-09 16:35:12 ✓ Synced: ~/.config/mpv/
2026-09-09 16:35:12 ✓ Synced: ~/.config/hypr/
2026-09-09 16:35:12 ✓ Synced: ~/.config/fish/
2026-09-09 16:35:12 :: All file copies successful! Checking for Git updates...
2026-09-09 16:35:12 :: Git commit successful. Pushing to remote...
2026-09-09 16:35:17 :: Backup successfully pushed to remote repository.
2026-09-09 16:35:17 :: Backup process completed successfully!
2026-09-09 16:39:30 :: Starting NixOS rebuild...
2026-09-09 16:40:18 :: Rebuild successful! Syncing changed files to /home/shadrack/.sysbackup...
2026-09-09 16:40:18 ✓ Synced: /etc/nixos/configuration.nix
2026-09-09 16:40:18 ✓ Synced: /etc/nixos/hardware-configuration.nix
2026-09-09 16:40:18 ✓ Synced: ~/.config/mpv/
2026-09-09 16:40:18 ✓ Synced: ~/.config/hypr/
2026-09-09 16:40:18 ✓ Synced: ~/.config/fish/
2026-09-09 16:40:18 :: All file copies successful! Checking for Git updates...
2026-09-09 16:40:18 :: Git commit successful. Pushing to remote...
2026-09-09 16:40:23 :: Backup successfully pushed to remote repository.
2026-09-09 16:40:23 :: Backup process completed successfully!
2026-09-11 12:35:19 :: Starting NixOS rebuild...
2026-09-11 12:35:52 :: Rebuild successful! Syncing changed files to /home/shadrack/.sysbackup...
2026-09-11 12:35:52 ✓ Synced: /etc/nixos/configuration.nix
2026-09-11 12:35:52 ✓ Synced: /etc/nixos/hardware-configuration.nix
2026-09-11 12:35:52 ✓ Synced: ~/.config/mpv/
2026-09-11 12:35:52 ✓ Synced: ~/.config/hypr/
2026-09-11 12:35:52 ✓ Synced: ~/.config/fish/
2026-09-11 12:35:52 :: All file copies successful! Checking for Git updates...
2026-09-11 12:35:52 :: Git commit successful. Pushing to remote...
2026-09-11 12:35:58 :: Backup successfully pushed to remote repository.
2026-09-11 12:35:58 :: Backup process completed successfully!
2026-09-11 13:01:39 :: Starting NixOS rebuild...
2026-09-11 13:02:00 :: Rebuild successful! Syncing changed files to /home/shadrack/.sysbackup...
2026-09-11 13:02:00 ✓ Synced: /etc/nixos/configuration.nix
2026-09-11 13:02:00 ✓ Synced: /etc/nixos/hardware-configuration.nix
2026-09-11 13:02:00 ✓ Synced: /etc/nixos/flake.nix
2026-09-11 13:02:00 ✓ Synced: /etc/nixos/flake.lock
2026-09-11 13:02:00 ✓ Synced: ~/.config/mpv/
2026-09-11 13:02:00 ✓ Synced: ~/.config/hypr/
2026-09-11 13:02:00 ✓ Synced: ~/.config/fish/
2026-09-11 13:02:00 ✗ Failed to sync: ~/.local/bin/
2026-09-11 13:02:00 :: File sync failed! Skipping Git operations.
2026-09-11 13:02:33 :: Starting NixOS rebuild...
2026-09-11 13:02:42 :: Rebuild successful! Syncing changed files to /home/shadrack/.sysbackup...
2026-09-11 13:02:42 ✓ Synced: /etc/nixos/configuration.nix
2026-09-11 13:02:42 ✓ Synced: /etc/nixos/hardware-configuration.nix
2026-09-11 13:02:42 ✓ Synced: /etc/nixos/flake.nix
2026-09-11 13:02:42 ✓ Synced: /etc/nixos/flake.lock
2026-09-11 13:02:42 ✓ Synced: ~/.config/mpv/
2026-09-11 13:02:42 ✓ Synced: ~/.config/hypr/
2026-09-11 13:02:42 ✓ Synced: ~/.config/fish/
2026-09-11 13:02:42 :: All file copies successful! Checking for Git updates...
2026-09-11 13:02:42 :: Git commit successful. Pushing to remote...
2026-09-11 13:02:49 :: Backup successfully pushed to remote repository.
2026-09-11 13:02:49 :: Backup process completed successfully!
2026-09-11 13:16:46 :: Starting NixOS rebuild...
2026-09-11 13:16:46 :: Updating flake inputs...
2026-09-11 13:16:54 :: Flake inputs updated.
2026-09-11 13:17:37 :: NixOS rebuild failed! Skipping copy and upload.
2026-09-11 13:20:16 :: Starting NixOS rebuild...
2026-09-11 13:20:16 :: Updating flake inputs...
2026-09-11 13:20:18 :: Flake inputs updated.
2026-09-11 13:20:39 :: NixOS rebuild failed! Skipping copy and upload.
2026-09-11 13:26:38 :: Starting NixOS rebuild...
2026-09-11 13:26:38 :: Updating flake inputs...
2026-09-11 13:26:40 :: Flake inputs updated.
2026-09-11 13:40:48 :: Rebuild successful! Syncing changed files to /home/shadrack/.sysbackup...
2026-09-11 13:40:48 ✓ Synced: /etc/nixos/configuration.nix
2026-09-11 13:40:48 ✓ Synced: /etc/nixos/hardware-configuration.nix
2026-09-11 13:40:48 ✓ Synced: /etc/nixos/flake.nix
2026-09-11 13:40:48 ✓ Synced: /etc/nixos/flake.lock
2026-09-11 13:40:49 ✓ Synced: ~/.config/mpv/
2026-09-11 13:40:49 ✓ Synced: ~/.config/hypr/
2026-09-11 13:40:49 ✓ Synced: ~/.config/fish/
2026-09-11 13:40:49 ✓ Synced: ~/.local/bin/
2026-09-11 13:40:49 :: All file copies successful! Checking for Git updates...
2026-09-11 13:40:49 :: Git commit successful. Pushing to remote...
2026-09-11 13:40:55 :: Backup successfully pushed to remote repository.
2026-09-11 13:40:55 :: Backup process completed successfully!
2026-09-11 13:41:26 :: Starting NixOS rebuild...
2026-09-11 13:41:26 :: Updating flake inputs...
2026-09-11 13:41:32 :: Flake inputs updated.
2026-09-11 13:41:38 :: Rebuild successful! Syncing changed files to /home/shadrack/.sysbackup...
2026-09-11 13:41:38 ✓ Synced: /etc/nixos/configuration.nix
2026-09-11 13:41:38 ✓ Synced: /etc/nixos/hardware-configuration.nix
2026-09-11 13:41:38 ✓ Synced: /etc/nixos/flake.nix
2026-09-11 13:41:38 ✓ Synced: /etc/nixos/flake.lock
2026-09-11 13:41:39 ✓ Synced: ~/.config/mpv/
2026-09-11 13:41:39 ✓ Synced: ~/.config/hypr/
2026-09-11 13:41:39 ✓ Synced: ~/.config/fish/
2026-09-11 13:41:39 ✓ Synced: ~/.local/bin/
2026-09-11 13:41:39 :: All file copies successful! Checking for Git updates...
2026-09-11 13:41:39 :: Git commit successful. Pushing to remote...
2026-09-11 13:41:45 :: Backup successfully pushed to remote repository.
2026-09-11 13:41:45 :: Backup process completed successfully!
2026-09-11 13:45:43 :: Starting NixOS rebuild...
2026-09-11 13:45:43 :: Updating flake inputs...
2026-09-11 13:45:49 :: Flake inputs updated.
2026-09-11 13:45:51 :: NixOS rebuild failed! Skipping copy and upload.
2026-09-11 13:46:51 :: Starting NixOS rebuild...
2026-09-11 13:46:51 :: Updating flake inputs...
2026-09-11 13:46:53 :: Flake inputs updated.
2026-09-11 13:48:20 :: Rebuild successful! Syncing changed files to /home/shadrack/.sysbackup...
2026-09-11 13:48:20 ✓ Synced: /etc/nixos/configuration.nix
2026-09-11 13:48:20 ✓ Synced: /etc/nixos/hardware-configuration.nix
2026-09-11 13:48:20 ✓ Synced: /etc/nixos/flake.nix
2026-09-11 13:48:20 ✓ Synced: /etc/nixos/flake.lock
2026-09-11 13:48:20 ✓ Synced: ~/.config/mpv/
2026-09-11 13:48:20 ✓ Synced: ~/.config/hypr/
2026-09-11 13:48:20 ✓ Synced: ~/.config/fish/
2026-09-11 13:48:20 ✓ Synced: ~/.local/bin/
2026-09-11 13:48:20 :: All file copies successful! Checking for Git updates...
2026-09-11 13:48:20 :: Git commit successful. Pushing to remote...
2026-09-11 13:48:25 :: Backup successfully pushed to remote repository.
2026-09-11 13:48:25 :: Backup process completed successfully!
2026-09-11 13:52:03 :: Starting NixOS rebuild...
2026-09-11 13:52:03 :: Updating flake inputs...
2026-09-11 13:52:08 :: Flake inputs updated.
2026-09-11 13:52:33 :: Rebuild successful! Syncing changed files to /home/shadrack/.sysbackup...
2026-09-11 13:52:33 ✓ Synced: /etc/nixos/configuration.nix
2026-09-11 13:52:33 ✓ Synced: /etc/nixos/hardware-configuration.nix
2026-09-11 13:52:33 ✓ Synced: /etc/nixos/flake.nix
2026-09-11 13:52:33 ✓ Synced: /etc/nixos/flake.lock
2026-09-11 13:52:33 ✓ Synced: ~/.config/mpv/
2026-09-11 13:52:33 ✓ Synced: ~/.config/hypr/
2026-09-11 13:52:34 ✓ Synced: ~/.config/fish/
2026-09-11 13:52:34 ✓ Synced: ~/.local/bin/
2026-09-11 13:52:34 :: All file copies successful! Checking for Git updates...
2026-09-11 13:52:34 :: Git commit successful. Pushing to remote...
2026-09-11 13:52:40 :: Backup successfully pushed to remote repository.
2026-09-11 13:52:40 :: Backup process completed successfully!
2026-09-11 14:07:32 :: Starting NixOS rebuild...
2026-09-11 14:07:32 :: Updating flake inputs...
2026-09-11 14:07:38 :: Flake inputs updated.
2026-09-11 14:07:46 :: Rebuild successful! Syncing changed files to /home/shadrack/.sysbackup...
2026-09-11 14:07:46 ✓ Synced: /etc/nixos/configuration.nix
2026-09-11 14:07:46 ✓ Synced: /etc/nixos/hardware-configuration.nix
2026-09-11 14:07:46 ✓ Synced: /etc/nixos/flake.nix
2026-09-11 14:07:46 ✓ Synced: /etc/nixos/flake.lock
2026-09-11 14:07:46 ✓ Synced: ~/.config/mpv/
2026-09-11 14:07:46 ✓ Synced: ~/.config/hypr/
2026-09-11 14:07:46 ✓ Synced: ~/.config/fish/
2026-09-11 14:07:46 ✓ Synced: ~/.local/bin/
2026-09-11 14:07:46 :: All file copies successful! Checking for Git updates...
2026-09-11 14:07:46 :: Git commit successful. Pushing to remote...
2026-09-11 14:07:53 :: Backup successfully pushed to remote repository.
2026-09-11 14:07:53 :: Backup process completed successfully!
2026-09-11 14:10:49 :: Starting NixOS rebuild...
2026-09-11 14:10:49 :: Updating flake inputs...
2026-09-11 14:10:54 :: Flake inputs updated.
2026-09-11 14:10:58 :: Rebuild successful! Syncing changed files to /home/shadrack/.sysbackup...
2026-09-11 14:10:58 ✓ Synced: /etc/nixos/configuration.nix
2026-09-11 14:10:58 ✓ Synced: /etc/nixos/hardware-configuration.nix
2026-09-11 14:10:58 ✓ Synced: /etc/nixos/flake.nix
2026-09-11 14:10:58 ✓ Synced: /etc/nixos/flake.lock
2026-09-11 14:10:58 ✓ Synced: ~/.config/mpv/
2026-09-11 14:10:59 ✓ Synced: ~/.config/hypr/
2026-09-11 14:10:59 ✓ Synced: ~/.config/fish/
2026-09-11 14:10:59 ✓ Synced: ~/.local/bin/
2026-09-11 14:10:59 :: All file copies successful! Checking for Git updates...
2026-09-11 14:10:59 :: Git commit successful. Pushing to remote...
2026-09-11 14:11:05 :: Backup successfully pushed to remote repository.
2026-09-11 14:11:05 :: Backup process completed successfully!
2026-09-11 14:12:22 :: Starting NixOS rebuild...
2026-09-11 14:12:22 :: Updating flake inputs...
2026-09-11 14:12:27 :: Flake inputs updated.
2026-09-11 14:13:11 :: Rebuild successful! Syncing changed files to /home/shadrack/.sysbackup...
2026-09-11 14:13:11 ✓ Synced: /etc/nixos/configuration.nix
2026-09-11 14:13:11 ✓ Synced: /etc/nixos/hardware-configuration.nix
2026-09-11 14:13:11 ✓ Synced: /etc/nixos/flake.nix
2026-09-11 14:13:12 ✓ Synced: /etc/nixos/flake.lock
2026-09-11 14:13:12 ✓ Synced: ~/.config/mpv/
2026-09-11 14:13:12 ✓ Synced: ~/.config/hypr/
2026-09-11 14:13:12 ✓ Synced: ~/.config/fish/
2026-09-11 14:13:12 ✓ Synced: ~/.local/bin/
2026-09-11 14:13:12 :: All file copies successful! Checking for Git updates...
2026-09-11 14:13:12 :: Git commit successful. Pushing to remote...
2026-09-11 14:13:18 :: Backup successfully pushed to remote repository.
2026-09-11 14:13:18 :: Backup process completed successfully!
2026-09-11 14:17:10 :: Starting NixOS rebuild...
2026-09-11 14:17:10 :: Updating flake inputs...
2026-09-11 14:17:12 :: Flake inputs updated.
2026-09-11 14:17:19 :: Rebuild successful! Syncing changed files to /home/shadrack/.sysbackup...
2026-09-11 14:17:20 ✓ Synced: /etc/nixos/configuration.nix
2026-09-11 14:17:20 ✓ Synced: /etc/nixos/hardware-configuration.nix
2026-09-11 14:17:20 ✓ Synced: /etc/nixos/flake.nix
2026-09-11 14:17:20 ✓ Synced: /etc/nixos/flake.lock
2026-09-11 14:17:20 ✓ Synced: ~/.config/mpv/
2026-09-11 14:17:20 ✓ Synced: ~/.config/hypr/
2026-09-11 14:17:20 ✓ Synced: ~/.config/fish/
2026-09-11 14:17:20 ✓ Synced: ~/.local/bin/
2026-09-11 14:17:20 :: All file copies successful! Checking for Git updates...
2026-09-11 14:17:20 :: Git commit successful. Pushing to remote...
2026-09-11 14:18:45 :: Backup successfully pushed to remote repository.
2026-09-11 14:18:45 :: Backup process completed successfully!
2026-09-13 09:11:26 :: Starting NixOS rebuild...
2026-09-13 09:11:26 :: Updating flake inputs...
2026-09-13 09:12:09 :: Flake inputs updated.
2026-09-13 09:14:05 :: NixOS rebuild failed! Skipping copy and upload.
2026-09-13 14:46:12 :: Starting NixOS rebuild...
2026-09-13 14:46:34 :: Rebuild successful! Syncing changed files to /home/shadrack/.sysbackup...
2026-09-13 14:46:34 ✓ Synced: /etc/nixos/configuration.nix
2026-09-13 14:46:34 ✓ Synced: /etc/nixos/hardware-configuration.nix
2026-09-13 14:46:34 ✓ Synced: ~/.config/mpv/
2026-09-13 14:46:34 ✓ Synced: ~/.config/hypr/
2026-09-13 14:46:34 ✓ Synced: ~/.config/fish/
2026-09-13 14:46:34 ✓ Synced: ~/.local/bin/
2026-09-13 14:46:34 :: All file copies successful! Checking for Git updates...
2026-09-13 14:46:34 :: Git commit successful. Pushing to remote...
2026-09-13 14:46:41 :: Backup successfully pushed to remote repository.
2026-09-13 14:46:41 :: Backup process completed successfully!
2026-09-13 14:50:15 :: Starting NixOS update & upgrade...
2026-09-13 14:50:15 :: Updating nix channels...
2026-09-13 14:50:23 :: Nix channels updated.
2026-09-13 14:50:23 :: Rebuilding system...
2026-09-13 14:50:40 :: Rebuild successful! Syncing changed files to /home/shadrack/.sysbackup...
2026-09-13 14:50:40 ✓ Synced: /etc/nixos/configuration.nix
2026-09-13 14:50:40 ✓ Synced: /etc/nixos/hardware-configuration.nix
2026-09-13 14:50:40 ✓ Synced: ~/.config/mpv/
2026-09-13 14:50:40 ✓ Synced: ~/.config/hypr/
2026-09-13 14:50:40 ✓ Synced: ~/.config/fish/
2026-09-13 14:50:40 ✓ Synced: ~/.local/bin/
2026-09-13 14:50:40 :: All file copies successful! Checking for Git updates...
2026-09-13 14:50:40 :: Git commit successful. Pushing to remote...
2026-09-13 14:50:46 :: Backup successfully pushed to remote repository.
2026-09-13 14:50:46 :: Update & upgrade process completed successfully!
2026-09-13 14:52:42 :: Starting NixOS rebuild...
2026-09-13 14:53:03 :: Rebuild successful! Syncing changed files to /home/shadrack/.sysbackup...
2026-09-13 14:53:03 ✓ Synced: /etc/nixos/configuration.nix
2026-09-13 14:53:03 ✓ Synced: /etc/nixos/hardware-configuration.nix
2026-09-13 14:53:03 ✓ Synced: ~/.config/mpv/
2026-09-13 14:53:03 ✓ Synced: ~/.config/hypr/
2026-09-13 14:53:03 ✓ Synced: ~/.config/fish/
2026-09-13 14:53:03 ✓ Synced: ~/.local/bin/
2026-09-13 14:53:03 :: All file copies successful! Checking for Git updates...
2026-09-13 14:53:03 :: Git commit successful. Pushing to remote...
2026-09-13 14:53:10 :: Backup successfully pushed to remote repository.
2026-09-13 14:53:10 :: Backup process completed successfully!
2026-09-14 09:00:01 :: Starting NixOS update & upgrade...
2026-09-14 09:00:01 :: Updating nix channels...
2026-09-14 09:00:11 :: Nix channels updated.
2026-09-14 09:00:11 :: Rebuilding system...
2026-09-14 09:00:31 :: Rebuild successful! Syncing changed files to /home/shadrack/.sysbackup...
2026-09-14 09:00:31 ✓ Synced: /etc/nixos/configuration.nix
2026-09-14 09:00:31 ✓ Synced: /etc/nixos/hardware-configuration.nix
2026-09-14 09:00:31 ✓ Synced: ~/.config/mpv/
2026-09-14 09:00:32 ✓ Synced: ~/.config/hypr/
2026-09-14 09:00:32 ✓ Synced: ~/.config/fish/
2026-09-14 09:00:32 ✓ Synced: ~/.local/bin/
2026-09-14 09:00:32 :: All file copies successful! Checking for Git updates...
2026-09-14 09:00:32 :: Git commit successful. Pushing to remote...
2026-09-14 09:00:38 :: Backup successfully pushed to remote repository.
2026-09-14 09:00:38 :: Update & upgrade process completed successfully!
2026-09-14 09:14:45 :: Starting NixOS rebuild...
2026-09-14 09:15:53 :: Rebuild successful! Syncing changed files to /home/shadrack/.sysbackup...
2026-09-14 09:15:54 ✓ Synced: /etc/nixos/configuration.nix
2026-09-14 09:15:54 ✓ Synced: /etc/nixos/hardware-configuration.nix
2026-09-14 09:15:54 ✓ Synced: ~/.config/mpv/
2026-09-14 09:15:54 ✓ Synced: ~/.config/hypr/
2026-09-14 09:15:54 ✓ Synced: ~/.config/fish/
2026-09-14 09:15:54 ✓ Synced: ~/.local/bin/
2026-09-14 09:15:54 :: All file copies successful! Checking for Git updates...
2026-09-14 09:15:54 :: Git commit successful. Pushing to remote...
2026-09-14 09:16:00 :: Backup successfully pushed to remote repository.
2026-09-14 09:16:00 :: Backup process completed successfully!
2026-09-14 09:16:19 :: Starting NixOS rebuild...
2026-09-14 09:16:52 :: Rebuild successful! Syncing changed files to /home/shadrack/.sysbackup...
2026-09-14 09:16:52 ✓ Synced: /etc/nixos/configuration.nix
2026-09-14 09:16:52 ✓ Synced: /etc/nixos/hardware-configuration.nix
2026-09-14 09:16:52 ✓ Synced: ~/.config/mpv/
2026-09-14 09:16:52 ✓ Synced: ~/.config/hypr/
2026-09-14 09:16:52 ✓ Synced: ~/.config/fish/
2026-09-14 09:16:52 ✓ Synced: ~/.local/bin/
2026-09-14 09:16:52 :: All file copies successful! Checking for Git updates...
2026-09-14 09:16:52 :: Git commit successful. Pushing to remote...
2026-09-14 09:16:58 :: Backup successfully pushed to remote repository.
2026-09-14 09:16:58 :: Backup process completed successfully!
2026-09-14 09:17:50 :: Starting NixOS rebuild...
2026-09-14 09:18:19 :: Rebuild successful! Syncing changed files to /home/shadrack/.sysbackup...
2026-09-14 09:18:19 ✓ Synced: /etc/nixos/configuration.nix
2026-09-14 09:18:19 ✓ Synced: /etc/nixos/hardware-configuration.nix
2026-09-14 09:18:19 ✓ Synced: ~/.config/mpv/
2026-09-14 09:18:19 ✓ Synced: ~/.config/hypr/
2026-09-14 09:18:19 ✓ Synced: ~/.config/fish/
2026-09-14 09:18:19 ✓ Synced: ~/.local/bin/
2026-09-14 09:18:19 :: All file copies successful! Checking for Git updates...
2026-09-14 09:18:19 :: Git commit successful. Pushing to remote...
2026-09-14 09:18:25 :: Backup successfully pushed to remote repository.
2026-09-14 09:18:25 :: Backup process completed successfully!
2026-09-14 09:45:43 :: Starting NixOS rebuild...
2026-09-14 09:46:46 :: Rebuild successful! Syncing changed files to /home/shadrack/.sysbackup...
2026-09-14 09:46:46 ✓ Synced: /etc/nixos/configuration.nix
2026-09-14 09:46:46 ✓ Synced: /etc/nixos/hardware-configuration.nix
2026-09-14 09:46:46 ✓ Synced: ~/.config/mpv/
2026-09-14 09:46:46 ✓ Synced: ~/.config/hypr/
2026-09-14 09:46:46 ✓ Synced: ~/.config/fish/
2026-09-14 09:46:47 ✓ Synced: ~/.local/bin/
2026-09-14 09:46:47 :: All file copies successful! Checking for Git updates...
2026-09-14 09:46:47 :: Git commit successful. Pushing to remote...
2026-09-14 09:46:53 :: Backup successfully pushed to remote repository.
2026-09-14 09:46:53 :: Backup process completed successfully!
2026-09-14 09:49:48 :: Starting NixOS rebuild...
2026-09-14 09:50:20 :: Rebuild successful! Syncing changed files to /home/shadrack/.sysbackup...
2026-09-14 09:50:20 ✓ Synced: /etc/nixos/configuration.nix
2026-09-14 09:50:21 ✓ Synced: /etc/nixos/hardware-configuration.nix
2026-09-14 09:50:21 ✓ Synced: ~/.config/mpv/
2026-09-14 09:50:21 ✓ Synced: ~/.config/hypr/
2026-09-14 09:50:21 ✓ Synced: ~/.config/fish/
2026-09-14 09:50:21 ✓ Synced: ~/.local/bin/
2026-09-14 09:50:21 :: All file copies successful! Checking for Git updates...
2026-09-14 09:50:21 :: Git commit successful. Pushing to remote...
2026-09-14 09:50:28 :: Backup successfully pushed to remote repository.
2026-09-14 09:50:28 :: Backup process completed successfully!
2026-09-14 09:56:18 :: Starting NixOS rebuild...
2026-09-14 09:56:58 :: Rebuild successful! Syncing changed files to /home/shadrack/.sysbackup...
2026-09-14 09:56:59 ✓ Synced: /etc/nixos/configuration.nix
2026-09-14 09:56:59 ✓ Synced: /etc/nixos/hardware-configuration.nix
2026-09-14 09:56:59 ✓ Synced: ~/.config/mpv/
2026-09-14 09:56:59 ✓ Synced: ~/.config/hypr/
2026-09-14 09:56:59 ✓ Synced: ~/.config/fish/
2026-09-14 09:56:59 ✓ Synced: ~/.local/bin/
2026-09-14 09:56:59 :: All file copies successful! Checking for Git updates...
2026-09-14 09:56:59 :: Git commit successful. Pushing to remote...
2026-09-14 09:57:05 :: Backup successfully pushed to remote repository.
2026-09-14 09:57:05 :: Backup process completed successfully!
2026-09-14 10:00:01 :: Starting NixOS rebuild...
2026-09-14 10:00:22 :: Rebuild successful! Syncing changed files to /home/shadrack/.sysbackup...
2026-09-14 10:00:22 ✓ Synced: /etc/nixos/configuration.nix
2026-09-14 10:00:22 ✓ Synced: /etc/nixos/hardware-configuration.nix
2026-09-14 10:00:22 ✓ Synced: ~/.config/mpv/
2026-09-14 10:00:22 ✓ Synced: ~/.config/hypr/
2026-09-14 10:00:22 ✓ Synced: ~/.config/fish/
2026-09-14 10:00:22 ✓ Synced: ~/.local/bin/
2026-09-14 10:00:22 :: All file copies successful! Checking for Git updates...
2026-09-14 10:00:22 :: Git commit successful. Pushing to remote...
2026-09-14 10:00:30 :: Backup successfully pushed to remote repository.
2026-09-14 10:00:30 :: Backup process completed successfully!
2026-09-14 13:11:07 :: Starting NixOS rebuild...
2026-09-14 13:16:30 :: Rebuild successful! Syncing changed files to /home/shadrack/.sysbackup...
2026-09-14 13:16:30 ✓ Synced: /etc/nixos/configuration.nix
2026-09-14 13:16:30 ✓ Synced: /etc/nixos/hardware-configuration.nix
2026-09-14 13:16:30 ✓ Synced: ~/.config/mpv/
2026-09-14 13:16:30 ✓ Synced: ~/.config/hypr/
2026-09-14 13:16:30 ✓ Synced: ~/.config/fish/
2026-09-14 13:16:30 ✓ Synced: ~/.local/bin/
2026-09-14 13:16:30 :: All file copies successful! Checking for Git updates...
2026-09-14 13:16:30 :: Git commit successful. Pushing to remote...
2026-09-14 13:16:37 :: Backup successfully pushed to remote repository.
2026-09-14 13:16:37 :: Backup process completed successfully!
2026-09-14 15:02:53 :: Starting NixOS rebuild...
2026-09-14 15:03:06 :: NixOS rebuild failed! Skipping copy and upload.
2026-09-14 15:03:31 :: Starting NixOS rebuild...
2026-09-14 15:04:18 :: Rebuild successful! Syncing changed files to /home/shadrack/.sysbackup...
2026-09-14 15:04:18 ✓ Synced: /etc/nixos/configuration.nix
2026-09-14 15:04:18 ✓ Synced: /etc/nixos/hardware-configuration.nix
2026-09-14 15:04:18 ✓ Synced: ~/.config/mpv/
2026-09-14 15:04:18 ✓ Synced: ~/.config/hypr/
2026-09-14 15:04:18 ✓ Synced: ~/.config/fish/
2026-09-14 15:04:18 ✓ Synced: ~/.local/bin/
2026-09-14 15:04:18 :: All file copies successful! Checking for Git updates...
2026-09-14 15:04:18 :: Git commit successful. Pushing to remote...
2026-09-14 15:04:25 :: Backup successfully pushed to remote repository.
2026-09-14 15:04:25 :: Backup process completed successfully!
2026-09-14 15:09:31 :: Starting NixOS rebuild...
2026-09-14 15:09:44 :: NixOS rebuild failed! Skipping copy and upload.
2026-09-14 15:10:46 :: Starting NixOS rebuild...
2026-09-14 15:10:53 :: NixOS rebuild failed! Skipping copy and upload.
2026-09-14 15:11:03 :: Starting NixOS rebuild...
2026-09-14 15:11:11 :: NixOS rebuild failed! Skipping copy and upload.
2026-09-14 15:12:14 :: Starting NixOS rebuild...
2026-09-14 15:12:48 :: Rebuild successful! Syncing changed files to /home/shadrack/.sysbackup...
2026-09-14 15:12:48 ✓ Synced: /etc/nixos/configuration.nix
2026-09-14 15:12:48 ✓ Synced: /etc/nixos/hardware-configuration.nix
2026-09-14 15:12:48 ✓ Synced: ~/.config/mpv/
2026-09-14 15:12:48 ✓ Synced: ~/.config/hypr/
2026-09-14 15:12:48 ✓ Synced: ~/.config/fish/
2026-09-14 15:12:48 ✓ Synced: ~/.local/bin/
2026-09-14 15:12:48 :: All file copies successful! Checking for Git updates...
2026-09-14 15:12:48 :: Git commit successful. Pushing to remote...
2026-09-14 15:12:56 :: Backup successfully pushed to remote repository.
2026-09-14 15:12:56 :: Backup process completed successfully!
2026-09-14 17:37:32 :: Starting NixOS update & upgrade...
2026-09-14 17:37:32 :: Updating nix channels...
2026-09-14 17:38:43 :: Nix channels updated.
2026-09-14 17:38:43 :: Rebuilding system...
2026-09-14 17:44:07 :: Starting NixOS update & upgrade...
2026-09-14 17:44:07 :: Updating nix channels...
2026-09-14 17:44:11 :: Nix channels updated.
2026-09-14 17:44:11 :: Rebuilding system...
2026-09-14 17:47:26 :: Rebuild successful! Syncing changed files to /home/shadrack/.sysbackup...
2026-09-14 17:47:26 ✓ Synced: /etc/nixos/configuration.nix
2026-09-14 17:47:27 ✓ Synced: /etc/nixos/hardware-configuration.nix
2026-09-14 17:47:27 ✓ Synced: ~/.config/mpv/
2026-09-14 17:47:27 ✓ Synced: ~/.config/hypr/
2026-09-14 17:47:27 ✓ Synced: ~/.config/fish/
2026-09-14 17:47:27 ✓ Synced: ~/.local/bin/
2026-09-14 17:47:27 :: All file copies successful! Checking for Git updates...
2026-09-14 17:47:27 :: Git commit successful. Pushing to remote...
2026-09-14 17:47:31 :: Backup successfully pushed to remote repository.
2026-09-14 17:47:31 :: Update & upgrade process completed successfully!
2026-09-14 17:51:47 :: Starting NixOS rebuild...
2026-09-14 17:52:13 :: Rebuild successful! Syncing changed files to /home/shadrack/.sysbackup...
2026-09-14 17:52:13 ✓ Synced: /etc/nixos/configuration.nix
2026-09-14 17:52:13 ✓ Synced: /etc/nixos/hardware-configuration.nix
2026-09-14 17:52:13 ✓ Synced: ~/.config/mpv/
2026-09-14 17:52:13 ✓ Synced: ~/.config/hypr/
2026-09-14 17:52:13 ✓ Synced: ~/.config/fish/
2026-09-14 17:52:13 ✓ Synced: ~/.local/bin/
2026-09-14 17:52:13 :: All file copies successful! Checking for Git updates...
2026-09-14 17:52:13 :: Git commit successful. Pushing to remote...
2026-09-14 17:52:17 :: Backup successfully pushed to remote repository.
2026-09-14 17:52:17 :: Backup process completed successfully!
2026-09-14 18:00:33 :: Starting NixOS rebuild...
2026-09-14 18:00:38 :: NixOS rebuild failed! Skipping copy and upload.
2026-09-14 18:01:24 :: Starting NixOS rebuild...
2026-09-14 18:01:46 :: Rebuild successful! Syncing changed files to /home/shadrack/.sysbackup...
2026-09-14 18:01:46 ✓ Synced: /etc/nixos/configuration.nix
2026-09-14 18:01:46 ✓ Synced: /etc/nixos/hardware-configuration.nix
2026-09-14 18:01:46 ✓ Synced: ~/.config/mpv/
2026-09-14 18:01:46 ✓ Synced: ~/.config/hypr/
2026-09-14 18:01:46 ✓ Synced: ~/.config/fish/
2026-09-14 18:01:46 ✓ Synced: ~/.local/bin/
2026-09-14 18:01:46 :: All file copies successful! Checking for Git updates...
2026-09-14 18:01:46 :: Git commit successful. Pushing to remote...
2026-09-14 18:01:52 :: Backup successfully pushed to remote repository.
2026-09-14 18:01:52 :: Backup process completed successfully!
2026-09-14 18:02:30 :: Starting NixOS rebuild...
2026-09-14 18:03:01 :: Rebuild successful! Syncing changed files to /home/shadrack/.sysbackup...
2026-09-14 18:03:01 ✓ Synced: /etc/nixos/configuration.nix
2026-09-14 18:03:01 ✓ Synced: /etc/nixos/hardware-configuration.nix
2026-09-14 18:03:01 ✓ Synced: ~/.config/mpv/
2026-09-14 18:03:01 ✓ Synced: ~/.config/hypr/
2026-09-14 18:03:01 ✓ Synced: ~/.config/fish/
2026-09-14 18:03:01 ✓ Synced: ~/.local/bin/
2026-09-14 18:03:01 :: All file copies successful! Checking for Git updates...
2026-09-14 18:03:01 :: Git commit successful. Pushing to remote...
2026-09-14 18:03:05 :: Backup successfully pushed to remote repository.
2026-09-14 18:03:05 :: Backup process completed successfully!
2026-09-15 10:34:30 :: Starting NixOS update & upgrade...
2026-09-15 10:34:30 :: Updating nix channels...
2026-09-15 10:34:37 :: Nix channels updated.
2026-09-15 10:34:37 :: Rebuilding system...
2026-09-15 10:34:57 :: Rebuild successful! Syncing changed files to /home/shadrack/.sysbackup...
2026-09-15 10:34:58 ✓ Synced: /etc/nixos/configuration.nix
2026-09-15 10:34:58 ✓ Synced: /etc/nixos/hardware-configuration.nix
2026-09-15 10:34:58 ✓ Synced: ~/.config/mpv/
2026-09-15 10:34:58 ✓ Synced: ~/.config/hypr/
2026-09-15 10:34:58 ✓ Synced: ~/.config/fish/
2026-09-15 10:34:58 ✓ Synced: ~/.local/bin/
2026-09-15 10:34:58 :: All file copies successful! Checking for Git updates...
2026-09-15 10:34:58 :: Git commit successful. Pushing to remote...
2026-09-15 10:35:02 :: Backup successfully pushed to remote repository.
2026-09-15 10:35:02 :: Update & upgrade process completed successfully!
2026-09-15 12:21:22 :: Starting NixOS rebuild...
2026-09-15 12:22:26 :: Rebuild successful! Syncing changed files to /home/shadrack/.sysbackup...
2026-09-15 12:22:27 ✓ Synced: /etc/nixos/configuration.nix
2026-09-15 12:22:27 ✓ Synced: /etc/nixos/hardware-configuration.nix
2026-09-15 12:22:27 ✓ Synced: ~/.config/mpv/
2026-09-15 12:22:27 ✓ Synced: ~/.config/hypr/
2026-09-15 12:22:27 ✓ Synced: ~/.config/fish/
2026-09-15 12:22:27 ✓ Synced: ~/.local/bin/
2026-09-15 12:22:27 :: All file copies successful! Checking for Git updates...
2026-09-15 12:22:27 :: Git commit successful. Pushing to remote...
2026-09-15 12:22:31 :: Backup successfully pushed to remote repository.
2026-09-15 12:22:31 :: Backup process completed successfully!
2026-09-15 12:24:21 :: Starting NixOS rebuild...
2026-09-15 12:25:05 :: Rebuild successful! Syncing changed files to /home/shadrack/.sysbackup...
2026-09-15 12:25:05 ✓ Synced: /etc/nixos/configuration.nix
2026-09-15 12:25:05 ✓ Synced: /etc/nixos/hardware-configuration.nix
2026-09-15 12:25:05 ✓ Synced: ~/.config/mpv/
2026-09-15 12:25:05 ✓ Synced: ~/.config/hypr/
2026-09-15 12:25:05 ✓ Synced: ~/.config/fish/
2026-09-15 12:25:05 ✓ Synced: ~/.local/bin/
2026-09-15 12:25:06 :: All file copies successful! Checking for Git updates...
2026-09-15 12:25:06 :: Git commit successful. Pushing to remote...
2026-09-15 12:25:10 :: Backup successfully pushed to remote repository.
2026-09-15 12:25:10 :: Backup process completed successfully!
2026-09-15 12:34:14 :: Starting NixOS rebuild...
2026-09-15 12:34:58 :: Rebuild successful! Syncing changed files to /home/shadrack/.sysbackup...
2026-09-15 12:34:59 ✓ Synced: /etc/nixos/configuration.nix
2026-09-15 12:34:59 ✓ Synced: /etc/nixos/hardware-configuration.nix
2026-09-15 12:34:59 ✓ Synced: ~/.config/mpv/
2026-09-15 12:34:59 ✓ Synced: ~/.config/hypr/
2026-09-15 12:34:59 ✓ Synced: ~/.config/fish/
2026-09-15 12:34:59 ✓ Synced: ~/.local/bin/
2026-09-15 12:34:59 :: All file copies successful! Checking for Git updates...
2026-09-15 12:34:59 :: Git commit successful. Pushing to remote...
2026-09-15 12:35:03 :: Backup successfully pushed to remote repository.
2026-09-15 12:35:03 :: Backup process completed successfully!
2026-09-16 08:43:50 :: Starting NixOS update & upgrade...
2026-09-16 08:43:50 :: Updating nix channels...
2026-09-16 08:43:56 :: Nix channels updated.
2026-09-16 08:43:56 :: Rebuilding system...
2026-09-16 08:44:16 :: Rebuild successful! Syncing changed files to /home/shadrack/.sysbackup...
2026-09-16 08:44:17 ✓ Synced: /etc/nixos/configuration.nix
2026-09-16 08:44:17 ✓ Synced: /etc/nixos/hardware-configuration.nix
2026-09-16 08:44:17 ✓ Synced: ~/.config/mpv/
2026-09-16 08:44:17 ✓ Synced: ~/.config/hypr/
2026-09-16 08:44:17 ✓ Synced: ~/.config/fish/
2026-09-16 08:44:17 ✓ Synced: ~/.local/bin/
2026-09-16 08:44:17 :: All file copies successful! Checking for Git updates...
2026-09-16 08:44:17 :: Git commit successful. Pushing to remote...
2026-09-16 08:44:21 :: Backup successfully pushed to remote repository.
2026-09-16 08:44:21 :: Update & upgrade process completed successfully!
2026-09-16 10:51:48 :: Starting NixOS update & upgrade...
2026-09-16 10:51:48 :: Updating nix channels...
2026-09-16 10:51:54 :: Nix channels updated.
2026-09-16 10:51:54 :: Rebuilding system...
2026-09-16 10:52:12 :: Rebuild successful! Syncing changed files to /home/shadrack/.sysbackup...
2026-09-16 10:52:12 ✓ Synced: /etc/nixos/configuration.nix
2026-09-16 10:52:12 ✓ Synced: /etc/nixos/hardware-configuration.nix
2026-09-16 10:52:12 ✓ Synced: ~/.config/mpv/
2026-09-16 10:52:12 ✓ Synced: ~/.config/hypr/
2026-09-16 10:52:12 ✓ Synced: ~/.config/fish/
2026-09-16 10:52:12 ✓ Synced: ~/.local/bin/
2026-09-16 10:52:12 :: All file copies successful! Checking for Git updates...
2026-09-16 10:52:12 :: Git commit successful. Pushing to remote...
2026-09-16 10:52:16 :: Backup successfully pushed to remote repository.
2026-09-16 10:52:16 :: Update & upgrade process completed successfully!
2026-09-16 12:29:40 :: Starting NixOS rebuild...
2026-09-16 12:30:46 :: Rebuild successful! Syncing changed files to /home/shadrack/.sysbackup...
2026-09-16 12:30:46 ✓ Synced: /etc/nixos/configuration.nix
2026-09-16 12:30:47 ✓ Synced: /etc/nixos/hardware-configuration.nix
2026-09-16 12:30:47 ✓ Synced: ~/.config/mpv/
2026-09-16 12:30:47 ✓ Synced: ~/.config/hypr/
2026-09-16 12:30:47 ✓ Synced: ~/.config/fish/
2026-09-16 12:30:47 ✓ Synced: ~/.local/bin/
2026-09-16 12:30:47 :: All file copies successful! Checking for Git updates...
2026-09-16 12:30:47 :: Git commit successful. Pushing to remote...
2026-09-16 12:30:51 :: Backup successfully pushed to remote repository.
2026-09-16 12:30:51 :: Backup process completed successfully!
2026-09-16 12:44:24 :: Starting NixOS rebuild...
2026-09-16 12:44:52 :: Rebuild successful! Syncing changed files to /home/shadrack/.sysbackup...
2026-09-16 12:44:52 ✓ Synced: /etc/nixos/configuration.nix
2026-09-16 12:44:52 ✓ Synced: /etc/nixos/hardware-configuration.nix
2026-09-16 12:44:52 ✓ Synced: ~/.config/mpv/
2026-09-16 12:44:52 ✓ Synced: ~/.config/hypr/
2026-09-16 12:44:53 ✓ Synced: ~/.config/fish/
2026-09-16 12:44:53 ✓ Synced: ~/.local/bin/
2026-09-16 12:44:53 :: All file copies successful! Checking for Git updates...
2026-09-16 12:44:53 :: Git commit successful. Pushing to remote...
2026-09-16 12:44:57 :: Backup successfully pushed to remote repository.
2026-09-16 12:44:57 :: Backup process completed successfully!
2026-09-16 12:57:16 :: Starting NixOS rebuild...
2026-09-16 12:57:52 :: Rebuild successful! Syncing changed files to /home/shadrack/.sysbackup...
2026-09-16 12:57:52 ✓ Synced: /etc/nixos/configuration.nix
2026-09-16 12:57:52 ✓ Synced: /etc/nixos/hardware-configuration.nix
2026-09-16 12:57:52 ✓ Synced: ~/.config/mpv/
2026-09-16 12:57:52 ✓ Synced: ~/.config/hypr/
2026-09-16 12:57:52 ✓ Synced: ~/.config/fish/
2026-09-16 12:57:52 ✓ Synced: ~/.local/bin/
2026-09-16 12:57:52 :: All file copies successful! Checking for Git updates...
2026-09-16 12:57:52 :: Git commit successful. Pushing to remote...
2026-09-16 12:57:56 :: Backup successfully pushed to remote repository.
2026-09-16 12:57:56 :: Backup process completed successfully!
2026-09-16 13:06:15 :: Starting NixOS rebuild...
2026-09-16 13:08:33 :: NixOS rebuild failed! Skipping copy and upload.
2026-09-16 13:08:40 :: Starting NixOS rebuild...
2026-09-16 13:10:22 :: Rebuild successful! Syncing changed files to /home/shadrack/.sysbackup...
2026-09-16 13:10:23 ✓ Synced: /etc/nixos/configuration.nix
2026-09-16 13:10:23 ✓ Synced: /etc/nixos/hardware-configuration.nix
2026-09-16 13:10:23 ✓ Synced: ~/.config/mpv/
2026-09-16 13:10:23 ✓ Synced: ~/.config/hypr/
2026-09-16 13:10:23 ✓ Synced: ~/.config/fish/
2026-09-16 13:10:23 ✓ Synced: ~/.local/bin/
2026-09-16 13:10:23 :: All file copies successful! Checking for Git updates...
2026-09-16 13:10:24 :: Git commit successful. Pushing to remote...
2026-09-16 13:10:28 :: Backup successfully pushed to remote repository.
2026-09-16 13:10:28 :: Backup process completed successfully!
2026-09-16 13:10:30 :: Starting NixOS rebuild...
2026-09-16 13:11:03 :: Rebuild successful! Syncing changed files to /home/shadrack/.sysbackup...
2026-09-16 13:11:04 ✓ Synced: /etc/nixos/configuration.nix
2026-09-16 13:11:04 ✓ Synced: /etc/nixos/hardware-configuration.nix
2026-09-16 13:11:04 ✓ Synced: ~/.config/mpv/
2026-09-16 13:11:04 ✓ Synced: ~/.config/hypr/
2026-09-16 13:11:04 ✓ Synced: ~/.config/fish/
2026-09-16 13:11:04 ✓ Synced: ~/.local/bin/
2026-09-16 13:11:04 :: All file copies successful! Checking for Git updates...
2026-09-16 13:11:04 :: Git commit successful. Pushing to remote...
2026-09-16 13:11:08 :: Backup successfully pushed to remote repository.
2026-09-16 13:11:08 :: Backup process completed successfully!
2026-09-16 13:20:52 :: Starting NixOS rebuild...
2026-09-16 13:21:32 :: Rebuild successful! Syncing changed files to /home/shadrack/.sysbackup...
2026-09-16 13:21:32 ✓ Synced: /etc/nixos/configuration.nix
2026-09-16 13:21:32 ✓ Synced: /etc/nixos/hardware-configuration.nix
2026-09-16 13:21:32 ✓ Synced: ~/.config/mpv/
2026-09-16 13:21:32 ✓ Synced: ~/.config/hypr/
2026-09-16 13:21:32 ✓ Synced: ~/.config/fish/
2026-09-16 13:21:32 ✓ Synced: ~/.local/bin/
2026-09-16 13:21:33 :: All file copies successful! Checking for Git updates...
2026-09-16 13:21:33 :: Git commit successful. Pushing to remote...
2026-09-16 13:21:37 :: Backup successfully pushed to remote repository.
2026-09-16 13:21:37 :: Backup process completed successfully!
2026-09-16 17:40:26 :: Starting NixOS rebuild...
2026-09-16 17:40:31 :: NixOS rebuild failed! Skipping copy and upload.
2026-09-17 09:15:59 :: Starting NixOS update & upgrade...
2026-09-17 09:15:59 :: Updating nix channels...
2026-09-17 09:17:17 :: Nix channels updated.
2026-09-17 09:17:17 :: Rebuilding system...
2026-09-17 09:36:33 :: Rebuild successful! Syncing changed files to /home/shadrack/.sysbackup...
2026-09-17 09:36:33 ✓ Synced: /etc/nixos/configuration.nix
2026-09-17 09:36:33 ✓ Synced: /etc/nixos/hardware-configuration.nix
2026-09-17 09:36:33 ✓ Synced: ~/.config/mpv/
2026-09-17 09:36:33 ✓ Synced: ~/.config/hypr/
2026-09-17 09:36:33 ✓ Synced: ~/.config/fish/
2026-09-17 09:36:34 ✓ Synced: ~/.local/bin/
2026-09-17 09:36:34 :: All file copies successful! Checking for Git updates...
2026-09-17 09:36:34 :: Git commit successful. Pushing to remote...
2026-09-17 09:36:38 :: Backup successfully pushed to remote repository.
2026-09-17 09:36:38 :: Update & upgrade process completed successfully!
2026-09-17 11:50:08 :: Starting NixOS rebuild...
2026-09-17 11:50:30 :: Rebuild successful! Syncing changed files to /home/shadrack/.sysbackup...
2026-09-17 11:50:30 ✓ Synced: /etc/nixos/configuration.nix
2026-09-17 11:50:30 ✓ Synced: /etc/nixos/hardware-configuration.nix
2026-09-17 11:50:30 ✓ Synced: ~/.config/mpv/
2026-09-17 11:50:30 ✓ Synced: ~/.config/hypr/
2026-09-17 11:50:30 ✓ Synced: ~/.config/fish/
2026-09-17 11:50:30 ✓ Synced: ~/.local/bin/
2026-09-17 11:50:30 :: All file copies successful! Checking for Git updates...
2026-09-17 11:50:30 :: Git commit successful. Pushing to remote...
2026-09-17 11:50:35 :: Backup successfully pushed to remote repository.
2026-09-17 11:50:35 :: Backup process completed successfully!
2026-09-17 12:15:20 :: Starting NixOS rebuild...
2026-09-17 12:16:06 :: Rebuild successful! Syncing changed files to /home/shadrack/.sysbackup...
2026-09-17 12:16:06 ✓ Synced: /etc/nixos/configuration.nix
2026-09-17 12:16:06 ✓ Synced: /etc/nixos/hardware-configuration.nix
2026-09-17 12:16:06 ✓ Synced: ~/.config/mpv/
2026-09-17 12:16:06 ✓ Synced: ~/.config/hypr/
2026-09-17 12:16:06 ✓ Synced: ~/.config/fish/
2026-09-17 12:16:07 ✓ Synced: ~/.local/bin/
2026-09-17 12:16:07 :: All file copies successful! Checking for Git updates...
2026-09-17 12:16:07 :: Git commit successful. Pushing to remote...
2026-09-17 12:16:13 :: Backup successfully pushed to remote repository.
2026-09-17 12:16:13 :: Backup process completed successfully!
2026-09-17 12:30:32 :: Starting NixOS rebuild...
2026-09-17 12:32:42 :: NixOS rebuild failed! Skipping copy and upload.
2026-09-17 12:35:27 :: Starting NixOS rebuild...
2026-09-17 12:36:32 :: Rebuild successful! Syncing changed files to /home/shadrack/.sysbackup...
2026-09-17 12:36:32 ✓ Synced: /etc/nixos/configuration.nix
2026-09-17 12:36:32 ✓ Synced: /etc/nixos/hardware-configuration.nix
2026-09-17 12:36:32 ✓ Synced: ~/.config/mpv/
2026-09-17 12:36:32 ✓ Synced: ~/.config/hypr/
2026-09-17 12:36:32 ✓ Synced: ~/.config/fish/
2026-09-17 12:36:32 ✓ Synced: ~/.local/bin/
2026-09-17 12:36:32 :: All file copies successful! Checking for Git updates...
2026-09-17 12:36:32 :: Git commit successful. Pushing to remote...
2026-09-17 12:36:36 :: Backup successfully pushed to remote repository.
2026-09-17 12:36:36 :: Backup process completed successfully!
2026-09-17 12:41:27 :: Starting NixOS rebuild...
2026-09-17 12:42:31 :: Rebuild successful! Syncing changed files to /home/shadrack/.sysbackup...
2026-09-17 12:42:31 ✓ Synced: /etc/nixos/configuration.nix
2026-09-17 12:42:31 ✓ Synced: /etc/nixos/hardware-configuration.nix
2026-09-17 12:42:31 ✓ Synced: ~/.config/mpv/
2026-09-17 12:42:31 ✓ Synced: ~/.config/hypr/
2026-09-17 12:42:31 ✓ Synced: ~/.config/fish/
2026-09-17 12:42:32 ✓ Synced: ~/.local/bin/
2026-09-17 12:42:32 :: All file copies successful! Checking for Git updates...
2026-09-17 12:42:32 :: Git commit successful. Pushing to remote...
2026-09-17 12:42:36 :: Backup successfully pushed to remote repository.
2026-09-17 12:42:36 :: Backup process completed successfully!
2026-09-18 11:24:55 :: Starting NixOS update & upgrade...
2026-09-18 11:24:55 :: Updating nix channels...
2026-09-18 11:25:01 :: Nix channels updated.
2026-09-18 11:25:01 :: Rebuilding system...
2026-09-18 11:25:22 :: Rebuild successful! Syncing changed files to /home/shadrack/.sysbackup...
2026-09-18 11:25:22 ✓ Synced: /etc/nixos/configuration.nix
2026-09-18 11:25:22 ✓ Synced: /etc/nixos/hardware-configuration.nix
2026-09-18 11:25:22 ✓ Synced: ~/.config/mpv/
2026-09-18 11:25:22 ✓ Synced: ~/.config/hypr/
2026-09-18 11:25:23 ✓ Synced: ~/.config/fish/
2026-09-18 11:25:23 ✓ Synced: ~/.local/bin/
2026-09-18 11:25:23 :: All file copies successful! Checking for Git updates...
2026-09-18 11:25:23 :: Git commit successful. Pushing to remote...
2026-09-18 11:25:27 :: Backup successfully pushed to remote repository.
2026-09-18 11:25:27 :: Update & upgrade process completed successfully!
2026-09-18 11:52:54 :: Starting NixOS rebuild...
2026-09-18 11:54:40 :: NixOS rebuild failed! Skipping copy and upload.
2026-09-18 11:56:21 :: Starting NixOS rebuild...
2026-09-18 11:56:36 :: NixOS rebuild failed! Skipping copy and upload.
2026-09-18 12:00:45 :: Starting NixOS rebuild...
2026-09-18 12:32:33 :: Starting NixOS update & upgrade...
2026-09-18 12:32:33 :: Updating nix channels...
2026-09-18 12:33:08 :: Nix channels updated.
2026-09-18 12:33:08 :: Rebuilding system...
2026-09-18 12:33:34 :: Rebuild successful! Syncing changed files to /home/shadrack/.sysbackup...
2026-09-18 12:33:34 ✓ Synced: /etc/nixos/configuration.nix
2026-09-18 12:33:34 ✓ Synced: /etc/nixos/hardware-configuration.nix
2026-09-18 12:33:34 ✓ Synced: ~/.config/mpv/
2026-09-18 12:33:34 ✓ Synced: ~/.config/hypr/
2026-09-18 12:33:34 ✓ Synced: ~/.config/fish/
2026-09-18 12:33:35 ✓ Synced: ~/.local/bin/
2026-09-18 12:33:35 :: All file copies successful! Checking for Git updates...
2026-09-18 12:33:35 :: Git commit successful. Pushing to remote...
2026-09-18 12:33:39 :: Backup successfully pushed to remote repository.
2026-09-18 12:33:39 :: Update & upgrade process completed successfully!
2026-09-18 12:34:17 :: Starting NixOS rebuild...
2026-09-18 12:34:35 :: Rebuild successful! Syncing changed files to /home/shadrack/.sysbackup...
2026-09-18 12:34:35 ✓ Synced: /etc/nixos/configuration.nix
2026-09-18 12:34:36 ✓ Synced: /etc/nixos/hardware-configuration.nix
2026-09-18 12:34:36 ✓ Synced: ~/.config/mpv/
2026-09-18 12:34:36 ✓ Synced: ~/.config/hypr/
2026-09-18 12:34:36 ✓ Synced: ~/.config/fish/
2026-09-18 12:34:36 ✓ Synced: ~/.local/bin/
2026-09-18 12:34:36 :: All file copies successful! Checking for Git updates...
2026-09-18 12:34:36 :: Git commit successful. Pushing to remote...
2026-09-18 12:34:40 :: Backup successfully pushed to remote repository.
2026-09-18 12:34:40 :: Backup process completed successfully!
2026-09-18 12:55:15 :: Starting NixOS rebuild...
2026-09-18 12:56:10 :: Rebuild successful! Syncing changed files to /home/shadrack/.sysbackup...
2026-09-18 12:56:10 ✓ Synced: /etc/nixos/configuration.nix
2026-09-18 12:56:10 ✓ Synced: /etc/nixos/hardware-configuration.nix
2026-09-18 12:56:10 ✓ Synced: ~/.config/mpv/
2026-09-18 12:56:10 ✓ Synced: ~/.config/hypr/
2026-09-18 12:56:10 ✓ Synced: ~/.config/fish/
2026-09-18 12:56:10 ✓ Synced: ~/.local/bin/
2026-09-18 12:56:10 :: All file copies successful! Checking for Git updates...
2026-09-18 12:56:11 :: Git commit successful. Pushing to remote...
2026-09-18 12:56:15 :: Backup successfully pushed to remote repository.
2026-09-18 12:56:15 :: Backup process completed successfully!
2026-09-18 13:16:53 [STEP] Starting NixOS rebuild...
2026-09-18 13:17:21 [OK] Rebuild successful.
2026-09-18 13:17:21 [STEP] Syncing config files...

Number of files: 1 (reg: 1)
Number of created files: 1 (reg: 1)
Number of deleted files: 0
Number of regular files transferred: 1
Total file size: 7,377 bytes
Total transferred file size: 7,377 bytes
Literal data: 7,377 bytes
Matched data: 0 bytes
File list size: 0
File list generation time: 0.001 seconds
File list transfer time: 0.000 seconds
Total bytes sent: 7,506
Total bytes received: 34

sent 7,506 bytes  received 34 bytes  15,080.00 bytes/sec
total size is 7,377  speedup is 0.98
2026-09-18 13:17:21 [OK] Synced: /etc/nixos/configuration.nix

Number of files: 1 (reg: 1)
Number of created files: 1 (reg: 1)
Number of deleted files: 0
Number of regular files transferred: 1
Total file size: 1,282 bytes
Total transferred file size: 1,282 bytes
Literal data: 1,282 bytes
Matched data: 0 bytes
File list size: 0
File list generation time: 0.001 seconds
File list transfer time: 0.000 seconds
Total bytes sent: 1,420
Total bytes received: 34

sent 1,420 bytes  received 34 bytes  2,908.00 bytes/sec
total size is 1,282  speedup is 0.88
2026-09-18 13:17:21 [OK] Synced: /etc/nixos/hardware-configuration.nix

Number of files: 8 (reg: 4, dir: 4)
Number of created files: 0
Number of deleted files: 0
Number of regular files transferred: 3
Total file size: 246,507 bytes
Total transferred file size: 52,360 bytes
Literal data: 52,360 bytes
Matched data: 0 bytes
File list size: 0
File list generation time: 0.002 seconds
File list transfer time: 0.000 seconds
Total bytes sent: 52,775
Total bytes received: 68

sent 52,775 bytes  received 68 bytes  105,686.00 bytes/sec
total size is 246,507  speedup is 4.66
2026-09-18 13:17:21 [OK] Synced: /home/shadrack/.config/mpv/

Number of files: 25 (reg: 18, dir: 7)
Number of created files: 0
Number of deleted files: 0
Number of regular files transferred: 9
Total file size: 20,134 bytes
Total transferred file size: 2,299 bytes
Literal data: 2,299 bytes
Matched data: 0 bytes
File list size: 0
File list generation time: 0.003 seconds
File list transfer time: 0.000 seconds
Total bytes sent: 3,464
Total bytes received: 182

sent 3,464 bytes  received 182 bytes  7,292.00 bytes/sec
total size is 20,134  speedup is 5.52
2026-09-18 13:17:21 [OK] Synced: /home/shadrack/.config/hypr/

Number of files: 18 (reg: 14, dir: 4)
Number of created files: 0
Number of deleted files: 0
Number of regular files transferred: 11
Total file size: 36,809 bytes
Total transferred file size: 9,462 bytes
Literal data: 9,462 bytes
Matched data: 0 bytes
File list size: 0
File list generation time: 0.001 seconds
File list transfer time: 0.000 seconds
Total bytes sent: 10,474
Total bytes received: 220

sent 10,474 bytes  received 220 bytes  21,388.00 bytes/sec
total size is 36,809  speedup is 3.44
2026-09-18 13:17:21 [OK] Synced: /home/shadrack/.config/fish/

Number of files: 4 (reg: 3, dir: 1)
Number of created files: 0
Number of deleted files: 0
Number of regular files transferred: 1
Total file size: 16,859 bytes
Total transferred file size: 11,400 bytes
Literal data: 11,400 bytes
Matched data: 0 bytes
File list size: 0
File list generation time: 0.001 seconds
File list transfer time: 0.000 seconds
Total bytes sent: 11,589
Total bytes received: 30

sent 11,589 bytes  received 30 bytes  23,238.00 bytes/sec
total size is 16,859  speedup is 1.45
2026-09-18 13:17:22 [OK] Synced: /home/shadrack/.local/bin/
2026-09-18 13:17:22 [STEP] Staging changes...
2026-09-18 13:17:22 [STEP] Scanning for secrets...
Error: unknown flag: --staged
Usage:
  gitleaks detect [flags]

Flags:
      --follow-symlinks                               scan files that are symlinks to other files
  -h, --help                                          help for detect
      --log-opts string                               git log options
      --no-git                                        treat git repo as a regular directory and scan those files, --log-opts has no effect on the scan when --no-git is set
      --pipe cat some_file | gitleaks detect --pipe   scan input from stdin, ex: cat some_file | gitleaks detect --pipe
      --platform string                               the target platform used to generate links (github, gitlab)
  -s, --source string                                 path to source (default ".")

Global Flags:
  -b, --baseline-path string          path to baseline with issues that can be ignored
  -c, --config string                 config file path
                                      order of precedence:
                                      1. --config/-c
                                      2. env var GITLEAKS_CONFIG
                                      3. env var GITLEAKS_CONFIG_TOML with the file content
                                      4. (target path)/.gitleaks.toml
                                      If none of the four options are used, then gitleaks will use the default config
      --diagnostics string            enable diagnostics (http OR comma-separated list: cpu,mem,trace). cpu=CPU prof, mem=memory prof, trace=exec tracing, http=serve via net/http/pprof
      --diagnostics-dir string        directory to store diagnostics output files when not using http mode (defaults to current directory)
      --enable-rule strings           only enable specific rules by id
      --exit-code int                 exit code when leaks have been encountered (default 1)
  -i, --gitleaks-ignore-path string   path to .gitleaksignore file or folder containing one (default ".")
      --ignore-gitleaks-allow         ignore gitleaks:allow comments
  -l, --log-level string              log level (trace, debug, info, warn, error, fatal) (default "info")
      --max-archive-depth int         allow scanning into nested archives up to this depth (default "0", no archive traversal is done)
      --max-decode-depth int          allow recursive decoding up to this depth (default 5)
      --max-target-megabytes int      files larger than this will be skipped
      --no-banner                     suppress banner
      --no-color                      turn off color for verbose output
      --redact uint[=100]             redact secrets from logs and stdout. To redact only parts of the secret just apply a percent value from 0..100. For example --redact=20 (default 100%)
  -f, --report-format string          output format (json, csv, junit, sarif, template)
  -r, --report-path string            report file (use "-" for stdout)
      --report-template string        template file used to generate the report (implies --report-format=template)
      --timeout int                   set a timeout for gitleaks commands in seconds (default "0", no timeout is set)
  -v, --verbose                       show verbose output from scan

2026-09-18 13:17:22 [ERROR] gitleaks reported a finding (or failed). Aborting.
2026-09-18 13:18:44 [STEP] Starting NixOS rebuild...
2026-09-18 13:19:08 [OK] Rebuild successful.
2026-09-18 13:19:08 [STEP] Syncing config files...

Number of files: 1 (reg: 1)
Number of created files: 0
Number of deleted files: 0
Number of regular files transferred: 0
Total file size: 7,377 bytes
Total transferred file size: 0 bytes
Literal data: 0 bytes
Matched data: 0 bytes
File list size: 0
File list generation time: 0.001 seconds
File list transfer time: 0.000 seconds
Total bytes sent: 86
Total bytes received: 11

sent 86 bytes  received 11 bytes  194.00 bytes/sec
total size is 7,377  speedup is 76.05
2026-09-18 13:19:08 [OK] Synced: /etc/nixos/configuration.nix

Number of files: 1 (reg: 1)
Number of created files: 0
Number of deleted files: 0
Number of regular files transferred: 0
Total file size: 1,282 bytes
Total transferred file size: 0 bytes
Literal data: 0 bytes
Matched data: 0 bytes
File list size: 0
File list generation time: 0.001 seconds
File list transfer time: 0.000 seconds
Total bytes sent: 95
Total bytes received: 11

sent 95 bytes  received 11 bytes  212.00 bytes/sec
total size is 1,282  speedup is 12.09
2026-09-18 13:19:08 [OK] Synced: /etc/nixos/hardware-configuration.nix

Number of files: 8 (reg: 4, dir: 4)
Number of created files: 0
Number of deleted files: 0
Number of regular files transferred: 0
Total file size: 246,507 bytes
Total transferred file size: 0 bytes
Literal data: 0 bytes
Matched data: 0 bytes
File list size: 0
File list generation time: 0.001 seconds
File list transfer time: 0.000 seconds
Total bytes sent: 282
Total bytes received: 11

sent 282 bytes  received 11 bytes  586.00 bytes/sec
total size is 246,507  speedup is 841.32
2026-09-18 13:19:08 [OK] Synced: /home/shadrack/.config/mpv/

Number of files: 25 (reg: 18, dir: 7)
Number of created files: 0
Number of deleted files: 0
Number of regular files transferred: 0
Total file size: 20,134 bytes
Total transferred file size: 0 bytes
Literal data: 0 bytes
Matched data: 0 bytes
File list size: 0
File list generation time: 0.001 seconds
File list transfer time: 0.000 seconds
Total bytes sent: 786
Total bytes received: 11

sent 786 bytes  received 11 bytes  1,594.00 bytes/sec
total size is 20,134  speedup is 25.26
2026-09-18 13:19:09 [OK] Synced: /home/shadrack/.config/hypr/

Number of files: 18 (reg: 14, dir: 4)
Number of created files: 0
Number of deleted files: 0
Number of regular files transferred: 0
Total file size: 36,809 bytes
Total transferred file size: 0 bytes
Literal data: 0 bytes
Matched data: 0 bytes
File list size: 0
File list generation time: 0.001 seconds
File list transfer time: 0.000 seconds
Total bytes sent: 539
Total bytes received: 11

sent 539 bytes  received 11 bytes  1,100.00 bytes/sec
total size is 36,809  speedup is 66.93
2026-09-18 13:19:09 [OK] Synced: /home/shadrack/.config/fish/

Number of files: 4 (reg: 3, dir: 1)
Number of created files: 0
Number of deleted files: 0
Number of regular files transferred: 1
Total file size: 17,002 bytes
Total transferred file size: 11,543 bytes
Literal data: 11,543 bytes
Matched data: 0 bytes
File list size: 0
File list generation time: 0.001 seconds
File list transfer time: 0.000 seconds
Total bytes sent: 11,733
Total bytes received: 30

sent 11,733 bytes  received 30 bytes  23,526.00 bytes/sec
total size is 17,002  speedup is 1.45
2026-09-18 13:19:09 [OK] Synced: /home/shadrack/.local/bin/
2026-09-18 13:19:09 [STEP] Staging changes...
